Component: ARM Compiler 5.06 update 7 (build 960) Tool: armlink [4d3601]

==============================================================================

Section Cross References

    startup_stm32f103xe.o(RESET) refers to startup_stm32f103xe.o(STACK) for __initial_sp
    startup_stm32f103xe.o(RESET) refers to startup_stm32f103xe.o(.text) for Reset_Handler
    startup_stm32f103xe.o(RESET) refers to stm32f1xx_it.o(.text) for NMI_Handler
    startup_stm32f103xe.o(.text) refers to system_stm32f1xx.o(.text) for SystemInit
    startup_stm32f103xe.o(.text) refers to entry.o(.ARM.Collect$$$$00000000) for __main
    main.o(.text) refers to printf3.o(i.__0printf$3) for __2printf
    main.o(.text) refers to memseta.o(.text) for __aeabi_memclr4
    main.o(.text) refers to stm32f1xx_hal_rcc.o(.text) for HAL_RCC_OscConfig
    main.o(.text) refers to stm32f1xx_hal.o(.text) for HAL_Init
    main.o(.text) refers to gpio.o(.text) for MX_GPIO_Init
    main.o(.text) refers to usart.o(.text) for MX_USART1_UART_Init
    main.o(.text) refers to spi.o(.text) for MX_SPI1_Init
    main.o(.text) refers to stm32f1xx_hal_gpio.o(.text) for HAL_GPIO_Init
    main.o(.text) refers to stm32f1xx_hal_cortex.o(.text) for HAL_NVIC_SetPriority
    main.o(.text) refers to epd_1in54_v2_test.o(.text) for Debug_test
    main.o(.text) refers to main.o(.data) for .data
    gpio.o(.text) refers to stm32f1xx_hal_gpio.o(.text) for HAL_GPIO_WritePin
    spi.o(.text) refers to stm32f1xx_hal_spi.o(.text) for HAL_SPI_Init
    spi.o(.text) refers to main.o(.text) for Error_Handler
    spi.o(.text) refers to stm32f1xx_hal_gpio.o(.text) for HAL_GPIO_Init
    spi.o(.text) refers to spi.o(.bss) for .bss
    usart.o(.text) refers to stm32f1xx_hal_uart.o(.text) for HAL_UART_Init
    usart.o(.text) refers to main.o(.text) for Error_Handler
    usart.o(.text) refers to stm32f1xx_hal_gpio.o(.text) for HAL_GPIO_Init
    usart.o(.text) refers to usart.o(.bss) for .bss
    stm32f1xx_it.o(.text) refers to printf3.o(i.__0printf$3) for __2printf
    stm32f1xx_it.o(.text) refers to stm32f1xx_hal.o(.text) for HAL_IncTick
    stm32f1xx_it.o(.text) refers to stm32f1xx_hal_gpio.o(.text) for HAL_GPIO_EXTI_IRQHandler
    epd_1in54_v2_test.o(.text) refers to printf3.o(i.__0printf$3) for __2printf
    epd_1in54_v2_test.o(.text) refers to dev_config.o(.text) for DEV_Module_Init
    epd_1in54_v2_test.o(.text) refers to epd_1in54_v2.o(.text) for EPD_1IN54_V2_Init
    epd_1in54_v2_test.o(.text) refers to stm32f1xx_hal.o(.text) for HAL_Delay
    epd_1in54_v2_test.o(.text) refers to malloc.o(i.malloc) for malloc
    epd_1in54_v2_test.o(.text) refers to gui_paint.o(.text) for Paint_NewImage
    epd_1in54_v2_test.o(.text) refers to font24.o(.data) for Font24
    epd_1in54_v2_test.o(.text) refers to tfont.o(.data) for Fontt
    epd_1in54_v2.o(.text) refers to stm32f1xx_hal_gpio.o(.text) for HAL_GPIO_WritePin
    epd_1in54_v2.o(.text) refers to stm32f1xx_hal.o(.text) for HAL_Delay
    epd_1in54_v2.o(.text) refers to printf3.o(i.__0printf$3) for __2printf
    epd_1in54_v2.o(.text) refers to dev_config.o(.text) for DEV_SPI_WriteByte
    epd_1in54_v2.o(.text) refers to epd_1in54_v2.o(.data) for .data
    dev_config.o(.text) refers to stm32f1xx_hal_spi.o(.text) for HAL_SPI_Transmit
    dev_config.o(.text) refers to stm32f1xx_hal_gpio.o(.text) for HAL_GPIO_WritePin
    dev_config.o(.text) refers to spi.o(.bss) for hspi1
    gui_paint.o(.text) refers to printf3.o(i.__0printf$3) for __2printf
    gui_paint.o(.text) refers to gui_paint.o(.bss) for .bss
    gui_paint.o(.text) refers to gui_paint.o(.conststring) for .conststring
    gui_paint.o(.text) refers to memseta.o(.text) for __aeabi_memclr4
    font8.o(.data) refers to font8.o(.constdata) for Font8_Table
    font12.o(.data) refers to font12.o(.constdata) for Font12_Table
    font12cn.o(.data) refers to font12cn.o(.constdata) for Font12CN_Table
    font16.o(.data) refers to font16.o(.constdata) for Font16_Table
    font20.o(.data) refers to font20.o(.constdata) for Font20_Table
    font24.o(.data) refers to font24.o(.constdata) for Font24_Table
    font24cn.o(.data) refers to font24cn.o(.constdata) for Font24CN_Table
    tfont.o(.data) refers to tfont.o(.constdata) for Fontt_Table
    system_stm32f1xx.o(.text) refers to system_stm32f1xx.o(.data) for .data
    system_stm32f1xx.o(.text) refers to system_stm32f1xx.o(.constdata) for .constdata
    stm32f1xx_hal_spi.o(.text) refers to spi.o(.text) for HAL_SPI_MspInit
    stm32f1xx_hal_spi.o(.text) refers to stm32f1xx_hal.o(.text) for HAL_GetTick
    stm32f1xx_hal_spi.o(.text) refers to system_stm32f1xx.o(.data) for SystemCoreClock
    stm32f1xx_hal_spi.o(.text) refers to stm32f1xx_hal_dma.o(.text) for HAL_DMA_Start_IT
    stm32f1xx_hal.o(.text) refers to stm32f1xx_hal_cortex.o(.text) for HAL_SYSTICK_Config
    stm32f1xx_hal.o(.text) refers to stm32f1xx_hal_msp.o(.text) for HAL_MspInit
    stm32f1xx_hal.o(.text) refers to stm32f1xx_hal.o(.data) for .data
[...]
    printf4.o(i.__0vprintf$4) refers to printf4.o(i._printf_core) for _printf_core
    printf4.o(i.__0vprintf$4) refers to usart.o(.text) for fputc
    printf4.o(i.__0vprintf$4) refers to stdout.o(.data) for __stdout
    printf4.o(i.__0vsnprintf$4) refers to printf4.o(i._printf_core) for _printf_core
    printf4.o(i.__0vsnprintf$4) refers to printf4.o(i._snputc) for _snputc
    printf4.o(i.__0vsprintf$4) refers to printf4.o(i._printf_core) for _printf_core
    printf4.o(i.__0vsprintf$4) refers to printf4.o(i._sputc) for _sputc
    printf4.o(i._printf_core) refers to uldiv.o(.text) for __aeabi_uldivmod
    printf5.o(i.__0fprintf$5) refers to printf5.o(i._printf_core) for _printf_core
    printf5.o(i.__0fprintf$5) refers to usart.o(.text) for fputc
    printf5.o(i.__0printf$5) refers to printf5.o(i._printf_core) for _printf_core
    printf5.o(i.__0printf$5) refers to usart.o(.text) for fputc
    printf5.o(i.__0printf$5) refers to stdout.o(.data) for __stdout
    printf5.o(i.__0snprintf$5) refers to printf5.o(i._printf_core) for _printf_core
    printf5.o(i.__0snprintf$5) refers to printf5.o(i._snputc) for _snputc
    printf5.o(i.__0sprintf$5) refers to printf5.o(i._printf_core) for _printf_core
    printf5.o(i.__0sprintf$5) refers to printf5.o(i._sputc) for _sputc
    printf5.o(i.__0vfprintf$5) refers to printf5.o(i._printf_core) for _printf_core
    printf5.o(i.__0vfprintf$5) refers to usart.o(.text) for fputc
    printf5.o(i.__0vprintf$5) refers to printf5.o(i._printf_core) for _printf_core
    printf5.o(i.__0vprintf$5) refers to usart.o(.text) for fputc
    printf5.o(i.__0vprintf$5) refers to stdout.o(.data) for __stdout
    printf5.o(i.__0vsnprintf$5) refers to printf5.o(i._printf_core) for _printf_core
    printf5.o(i.__0vsnprintf$5) refers to printf5.o(i._snputc) for _snputc
    printf5.o(i.__0vsprintf$5) refers to printf5.o(i._printf_core) for _printf_core
    printf5.o(i.__0vsprintf$5) refers to printf5.o(i._sputc) for _sputc
    printf5.o(i._printf_core) refers to uldiv.o(.text) for __aeabi_uldivmod
    printf6.o(i.__0fprintf$6) refers to printf6.o(i._printf_core) for _printf_core
    printf6.o(i.__0fprintf$6) refers to usart.o(.text) for fputc
    printf6.o(i.__0printf$6) refers to printf6.o(i._printf_core) for _printf_core
    printf6.o(i.__0printf$6) refers to usart.o(.text) for fputc
    printf6.o(i.__0printf$6) refers to stdout.o(.data) for __stdout
    printf6.o(i.__0snprintf$6) refers to printf6.o(i._printf_core) for _printf_core
    printf6.o(i.__0snprintf$6) refers to printf6.o(i._snputc) for _snputc
    printf6.o(i.__0sprintf$6) refers to printf6.o(i._printf_core) for _printf_core
    printf6.o(i.__0sprintf$6) refers to printf6.o(i._sputc) for _sputc
    printf6.o(i.__0vfprintf$6) refers to printf6.o(i._printf_core) for _printf_core
    printf6.o(i.__0vfprintf$6) refers to usart.o(.text) for fputc
    printf6.o(i.__0vprintf$6) refers to printf6.o(i._printf_core) for _printf_core
    printf6.o(i.__0vprintf$6) refers to usart.o(.text) for fputc
    printf6.o(i.__0vprintf$6) refers to stdout.o(.data) for __stdout
    printf6.o(i.__0vsnprintf$6) refers to printf6.o(i._printf_core) for _printf_core
    printf6.o(i.__0vsnprintf$6) refers to printf6.o(i._snputc) for _snputc
    printf6.o(i.__0vsprintf$6) refers to printf6.o(i._printf_core) for _printf_core
    printf6.o(i.__0vsprintf$6) refers to printf6.o(i._sputc) for _sputc
    printf6.o(i._printf_core) refers to printf6.o(i._printf_pre_padding) for _printf_pre_padding
    printf6.o(i._printf_core) refers to uidiv.o(.text) for __aeabi_uidivmod
    printf6.o(i._printf_core) refers to printf6.o(i._printf_post_padding) for _printf_post_padding
    printf7.o(i.__0fprintf$7) refers to printf7.o(i._printf_core) for _printf_core
    printf7.o(i.__0fprintf$7) refers to usart.o(.text) for fputc
    printf7.o(i.__0printf$7) refers to printf7.o(i._printf_core) for _printf_core
    printf7.o(i.__0printf$7) refers to usart.o(.text) for fputc
    printf7.o(i.__0printf$7) refers to stdout.o(.data) for __stdout
    printf7.o(i.__0snprintf$7) refers to printf7.o(i._printf_core) for _printf_core
    printf7.o(i.__0snprintf$7) refers to printf7.o(i._snputc) for _snputc
    printf7.o(i.__0sprintf$7) refers to printf7.o(i._printf_core) for _printf_core
    printf7.o(i.__0sprintf$7) refers to printf7.o(i._sputc) for _sputc
    printf7.o(i.__0vfprintf$7) refers to printf7.o(i._printf_core) for _printf_core
    printf7.o(i.__0vfprintf$7) refers to usart.o(.text) for fputc
    printf7.o(i.__0vprintf$7) refers to printf7.o(i._printf_core) for _printf_core
    printf7.o(i.__0vprintf$7) refers to usart.o(.text) for fputc
    printf7.o(i.__0vprintf$7) refers to stdout.o(.data) for __stdout
    printf7.o(i.__0vsnprintf$7) refers to printf7.o(i._printf_core) for _printf_core
    printf7.o(i.__0vsnprintf$7) refers to printf7.o(i._snputc) for _snputc
    printf7.o(i.__0vsprintf$7) refers to printf7.o(i._printf_core) for _printf_core
    printf7.o(i.__0vsprintf$7) refers to printf7.o(i._sputc) for _sputc
    printf7.o(i._printf_core) refers to printf7.o(i._printf_pre_padding) for _printf_pre_padding
    printf7.o(i._printf_core) refers to uldiv.o(.text) for __aeabi_uldivmod
    printf7.o(i._printf_core) refers to printf7.o(i._printf_post_padding) for _printf_post_padding
    printf8.o(i.__0fprintf$8) refers to printf8.o(i._printf_core) for _printf_core
    printf8.o(i.__0fprintf$8) refers to usart.o(.text) for fputc
    printf8.o(i.__0printf$8) refers to printf8.o(i._printf_core) for _printf_core
    printf8.o(i.__0printf$8) refers to usart.o(.text) for fputc
    printf8.o(i.__0printf$8) refers to stdout.o(.data) for __stdout
    printf8.o(i.__0snprintf$8) refers to printf8.o(i._printf_core) for _printf_core
    printf8.o(i.__0snprintf$8) refers to printf8.o(i._snputc) for _snputc
    printf8.o(i.__0sprintf$8) refers to printf8.o(i._printf_core) for _printf_core
    printf8.o(i.__0sprintf$8) refers to printf8.o(i._sputc) for _sputc
    printf8.o(i.__0vfprintf$8) refers to printf8.o(i._printf_core) for _printf_core
    printf8.o(i.__0vfprintf$8) refers to usart.o(.text) for fputc
    printf8.o(i.__0vprintf$8) refers to printf8.o(i._printf_core) for _printf_core
    printf8.o(i.__0vprintf$8) refers to usart.o(.text) for fputc
    printf8.o(i.__0vprintf$8) refers to stdout.o(.data) for __stdout
    printf8.o(i.__0vsnprintf$8) refers to printf8.o(i._printf_core) for _printf_core
    printf8.o(i.__0vsnprintf$8) refers to printf8.o(i._snputc) for _snputc
    printf8.o(i.__0vsprintf$8) refers to printf8.o(i._printf_core) for _printf_core
    printf8.o(i.__0vsprintf$8) refers to printf8.o(i._sputc) for _sputc
    printf8.o(i._printf_core) refers to printf8.o(i._printf_pre_padding) for _printf_pre_padding
    printf8.o(i._printf_core) refers to uldiv.o(.text) for __aeabi_uldivmod
    printf8.o(i._printf_core) refers to printf8.o(i._printf_post_padding) for _printf_post_padding
    printfa.o(i.__0fprintf) refers (Special) to iusefp.o(.text) for __I$use$fp
    printfa.o(i.__0fprintf) refers to printfa.o(i._printf_core) for _printf_core
    printfa.o(i.__0fprintf) refers to usart.o(.text) for fputc
    printfa.o(i.__0printf) refers (Special) to iusefp.o(.text) for __I$use$fp
    printfa.o(i.__0printf) refers to printfa.o(i._printf_core) for _printf_core
    printfa.o(i.__0printf) refers to usart.o(.text) for fputc
    printfa.o(i.__0printf) refers to stdout.o(.data) for __stdout
    printfa.o(i.__0snprintf) refers (Special) to iusefp.o(.text) for __I$use$fp
    printfa.o(i.__0snprintf) refers to printfa.o(i._printf_core) for _printf_core
    printfa.o(i.__0snprintf) refers to printfa.o(i._snputc) for _snputc
    printfa.o(i.__0sprintf) refers (Special) to iusefp.o(.text) for __I$use$fp
    printfa.o(i.__0sprintf) refers to printfa.o(i._printf_core) for _printf_core
    printfa.o(i.__0sprintf) refers to printfa.o(i._sputc) for _sputc
    printfa.o(i.__0vfprintf) refers (Special) to iusefp.o(.text) for __I$use$fp
    printfa.o(i.__0vfprintf) refers to printfa.o(i._printf_core) for _printf_core
    printfa.o(i.__0vfprintf) refers to usart.o(.text) for fputc
    printfa.o(i.__0vprintf) refers (Special) to iusefp.o(.text) for __I$use$fp
    printfa.o(i.__0vprintf) refers to printfa.o(i._printf_core) for _printf_core
    printfa.o(i.__0vprintf) refers to usart.o(.text) for fputc
    printfa.o(i.__0vprintf) refers to stdout.o(.data) for __stdout
    printfa.o(i.__0vsnprintf) refers (Special) to iusefp.o(.text) for __I$use$fp
    printfa.o(i.__0vsnprintf) refers to printfa.o(i._printf_core) for _printf_core
    printfa.o(i.__0vsnprintf) refers to printfa.o(i._snputc) for _snputc
    printfa.o(i.__0vsprintf) refers (Special) to iusefp.o(.text) for __I$use$fp
    printfa.o(i.__0vsprintf) refers to printfa.o(i._printf_core) for _printf_core
    printfa.o(i.__0vsprintf) refers to printfa.o(i._sputc) for _sputc
    printfa.o(i._fp_digits) refers (Special) to iusefp.o(.text) for __I$use$fp
    printfa.o(i._fp_digits) refers to dmul.o(.text) for __aeabi_dmul
    printfa.o(i._fp_digits) refers to ddiv.o(.text) for __aeabi_ddiv
    printfa.o(i._fp_digits) refers to cdrcmple.o(.text) for __aeabi_cdrcmple
    printfa.o(i._fp_digits) refers to dadd.o(.text) for __aeabi_dadd
    printfa.o(i._fp_digits) refers to dfixul.o(.text) for __aeabi_d2ulz
    printfa.o(i._fp_digits) refers to uldiv.o(.text) for __aeabi_uldivmod
    printfa.o(i._printf_core) refers (Special) to iusefp.o(.text) for __I$use$fp
    printfa.o(i._printf_core) refers to printfa.o(i._printf_pre_padding) for _printf_pre_padding
    printfa.o(i._printf_core) refers to uldiv.o(.text) for __aeabi_uldivmod
    printfa.o(i._printf_core) refers to printfa.o(i._printf_post_padding) for _printf_post_padding
    printfa.o(i._printf_core) refers to printfa.o(i._fp_digits) for _fp_digits
    printfa.o(i._printf_core) refers to uidiv.o(.text) for __aeabi_uidivmod
    printfa.o(i._printf_post_padding) refers (Special) to iusefp.o(.text) for __I$use$fp
    printfa.o(i._printf_pre_padding) refers (Special) to iusefp.o(.text) for __I$use$fp
    printfa.o(i._snputc) refers (Special) to iusefp.o(.text) for __I$use$fp
    printfa.o(i._sputc) refers (Special) to iusefp.o(.text) for __I$use$fp
    malloc.o(i.free) refers to mvars.o(.data) for __microlib_freelist
    malloc.o(i.malloc) refers to mvars.o(.data) for __microlib_freelist_initialised
    malloc.o(i.malloc) refers to mvars.o(.data) for __microlib_freelist
    malloc.o(i.malloc) refers to startup_stm32f103xe.o(HEAP) for __heap_base
    mallocr.o(i.__free$realloc) refers to mvars.o(.data) for __microlib_freelist
    mallocr.o(i.__malloc$realloc) refers to mallocr.o(i.internal_alloc) for internal_alloc
    mallocr.o(i.__malloc$realloc) refers to mvars.o(.data) for __microlib_freelist_initialised
    mallocr.o(i.__malloc$realloc) refers to startup_stm32f103xe.o(HEAP) for __heap_base
    mallocr.o(i.__malloc$realloc) refers to mvars.o(.data) for __microlib_freelist
    mallocr.o(i.internal_alloc) refers to memcpya.o(.text) for __aeabi_memcpy
    mallocr.o(i.internal_alloc) refers to mvars.o(.data) for __microlib_freelist
    mallocr.o(i.realloc) refers to mallocr.o(i.__free$realloc) for __free$realloc
    mallocr.o(i.realloc) refers to mallocr.o(i.internal_alloc) for internal_alloc
    mallocr.o(i.realloc) refers to mallocr.o(i.__malloc$realloc) for __malloc$realloc
    mallocr.o(i.realloc) refers to mvars.o(.data) for __microlib_freelist
    malloca.o(i.__aligned_malloc) refers to mvars.o(.data) for __microlib_freelist_initialised
    malloca.o(i.__aligned_malloc) refers to mvars.o(.data) for __microlib_freelist
    malloca.o(i.__aligned_malloc) refers to startup_stm32f103xe.o(HEAP) for __heap_base
    malloca.o(i.__free$memalign) refers to mvars.o(.data) for __microlib_freelist
    malloca.o(i.__malloc$memalign) refers to malloca.o(i.__aligned_malloc) for __aligned_malloc
    mallocra.o(i.__aligned_malloc$realloc) refers to mallocra.o(i.internal_alloc) for internal_alloc
    mallocra.o(i.__aligned_malloc$realloc) refers to mvars.o(.data) for __microlib_freelist_initialised
    mallocra.o(i.__aligned_malloc$realloc) refers to startup_stm32f103xe.o(HEAP) for __heap_base
    mallocra.o(i.__aligned_malloc$realloc) refers to mvars.o(.data) for __microlib_freelist
    mallocra.o(i.__free$realloc$memalign) refers to mvars.o(.data) for __microlib_freelist
    mallocra.o(i.__malloc$realloc$memalign) refers to mallocra.o(i.__aligned_malloc$realloc) for __aligned_malloc$realloc
    mallocra.o(i.__realloc$memalign) refers to mallocra.o(i.__free$realloc$memalign) for __free$realloc$memalign
    mallocra.o(i.__realloc$memalign) refers to mallocra.o(i.internal_alloc) for internal_alloc
    mallocra.o(i.__realloc$memalign) refers to mallocra.o(i.__malloc$realloc$memalign) for __malloc$realloc$memalign
    mallocra.o(i.__realloc$memalign) refers to mvars.o(.data) for __microlib_freelist
    mallocra.o(i.internal_alloc) refers to memcpya.o(.text) for __aeabi_memcpy
    mallocra.o(i.internal_alloc) refers to mvars.o(.data) for __microlib_freelist
    entry2.o(.ARM.Collect$$$$00000001) refers to entry2.o(.ARM.Collect$$$$00002712) for __lit__00000000
    entry2.o(.ARM.Collect$$$$00002712) refers to startup_stm32f103xe.o(STACK) for __initial_sp
    entry2.o(__vectab_stack_and_reset_area) refers to startup_stm32f103xe.o(STACK) for __initial_sp
    entry2.o(__vectab_stack_and_reset_area) refers to entry.o(.ARM.Collect$$$$00000000) for __main
    entry5.o(.ARM.Collect$$$$00000004) refers to init.o(.text) for __scatterload
    entry9a.o(.ARM.Collect$$$$0000000B) refers to main.o(.text) for main
    entry9b.o(.ARM.Collect$$$$0000000C) refers to main.o(.text) for main
    uldiv.o(.text) refers to llushr.o(.text) for __aeabi_llsr
    uldiv.o(.text) refers to llshl.o(.text) for __aeabi_llsl
    dadd.o(.text) refers to llshl.o(.text) for __aeabi_llsl
    dadd.o(.text) refers to llsshr.o(.text) for __aeabi_lasr
    dadd.o(.text) refers to depilogue.o(.text) for _double_epilogue
    dmul.o(.text) refers to depilogue.o(.text) for _double_epilogue
    ddiv.o(.text) refers to depilogue.o(.text) for _double_round
    dfixul.o(.text) refers to llushr.o(.text) for __aeabi_llsr
    dfixul.o(.text) refers to llshl.o(.text) for __aeabi_llsl
    init.o(.text) refers to entry5.o(.ARM.Collect$$$$00000004) for __main_after_scatterload
    depilogue.o(.text) refers to llshl.o(.text) for __aeabi_llsl
    depilogue.o(.text) refers to llushr.o(.text) for __aeabi_llsr


==============================================================================

Removing Unused input sections from the image.

    Removing main.o(.rev16_text), (4 bytes).
    Removing main.o(.revsh_text), (4 bytes).
    Removing main.o(.rrx_text), (6 bytes).
    Removing gpio.o(.rev16_text), (4 bytes).
    Removing gpio.o(.revsh_text), (4 bytes).
    Removing gpio.o(.rrx_text), (6 bytes).
    Removing spi.o(.rev16_text), (4 bytes).
    Removing spi.o(.revsh_text), (4 bytes).
    Removing spi.o(.rrx_text), (6 bytes).
    Removing usart.o(.rev16_text), (4 bytes).
    Removing usart.o(.revsh_text), (4 bytes).
    Removing usart.o(.rrx_text), (6 bytes).
    Removing stm32f1xx_it.o(.rev16_text), (4 bytes).
    Removing stm32f1xx_it.o(.revsh_text), (4 bytes).
    Removing stm32f1xx_it.o(.rrx_text), (6 bytes).
    Removing stm32f1xx_hal_msp.o(.rev16_text), (4 bytes).
    Removing stm32f1xx_hal_msp.o(.revsh_text), (4 bytes).
    Removing stm32f1xx_hal_msp.o(.rrx_text), (6 bytes).
    Removing imagedata.o(.constdata), (656 bytes).
    Removing imagedata.o(.constdata), (2560 bytes).
    Removing imagedata.o(.constdata), (5000 bytes).
    Removing imagedata.o(.constdata), (5000 bytes).
    Removing imagedata.o(.constdata), (5000 bytes).
    Removing imagedata.o(.constdata), (2888 bytes).
    Removing imagedata.o(.constdata), (2888 bytes).
    Removing imagedata.o(.constdata), (5808 bytes).
    Removing imagedata.o(.constdata), (5808 bytes).
    Removing imagedata.o(.constdata), (5808 bytes).
    Removing imagedata.o(.constdata), (5808 bytes).
    Removing imagedata.o(.constdata), (5808 bytes).
    Removing imagedata.o(.constdata), (11616 bytes).
    Removing imagedata.o(.constdata), (4736 bytes).
    Removing imagedata.o(.constdata), (4736 bytes).
    Removing imagedata.o(.constdata), (4736 bytes).
    Removing imagedata.o(.constdata), (4000 bytes).
    Removing imagedata.o(.constdata), (2756 bytes).
    Removing imagedata.o(.constdata), (2756 bytes).
    Removing imagedata.o(.constdata), (2756 bytes).
    Removing imagedata.o(.constdata), (2756 bytes).
    Removing imagedata.o(.constdata), (2756 bytes).
    Removing imagedata.o(.constdata), (5630 bytes).
    Removing imagedata.o(.constdata), (5630 bytes).
    Removing imagedata.o(.constdata), (5630 bytes).
    Removing imagedata.o(.constdata), (33606 bytes).
    Removing imagedata.o(.constdata), (128000 bytes).
    Removing imagedata.o(.constdata), (15000 bytes).
    Removing imagedata.o(.constdata), (30000 bytes).
    Removing imagedata.o(.constdata), (15000 bytes).
    Removing imagedata.o(.constdata), (15000 bytes).
    Removing imagedata.o(.constdata), (13728 bytes).
    Removing imagedata.o(.constdata), (33600 bytes).
    Removing imagedata.o(.constdata), (38886 bytes).
    Removing imagedata.o(.constdata), (33600 bytes).
    Removing imagedata.o(.constdata), (33600 bytes).
    Removing imagedata.o(.constdata), (38886 bytes).
    Removing imagedata.o(.constdata), (38886 bytes).
    Removing imagedata.o(.constdata), (30720 bytes).
    Removing imagedata.o(.constdata), (48000 bytes).
    Removing imagedata.o(.constdata), (30720 bytes).
    Removing imagedata.o(.constdata), (30720 bytes).
    Removing imagedata.o(.constdata), (48000 bytes).
    Removing imagedata.o(.constdata), (48000 bytes).
    Removing epd_1in54_v2_test.o(.rev16_text), (4 bytes).
    Removing epd_1in54_v2_test.o(.revsh_text), (4 bytes).
    Removing epd_1in54_v2_test.o(.rrx_text), (6 bytes).
    Removing epd_1in54_v2.o(.rev16_text), (4 bytes).
    Removing epd_1in54_v2.o(.revsh_text), (4 bytes).
    Removing epd_1in54_v2.o(.rrx_text), (6 bytes).
    Removing dev_config.o(.rev16_text), (4 bytes).
    Removing dev_config.o(.revsh_text), (4 bytes).
    Removing dev_config.o(.rrx_text), (6 bytes).
    Removing gui_paint.o(.rev16_text), (4 bytes).
    Removing gui_paint.o(.revsh_text), (4 bytes).
    Removing gui_paint.o(.rrx_text), (6 bytes).
    Removing font8.o(.constdata), (760 bytes).
    Removing font8.o(.data), (8 bytes).
    Removing font12.o(.constdata), (1140 bytes).
    Removing font12.o(.data), (8 bytes).
    Removing font12cn.o(.constdata), (1494 bytes).
    Removing font12cn.o(.data), (12 bytes).
    Removing font16.o(.constdata), (3040 bytes).
    Removing font16.o(.data), (8 bytes).
    Removing font20.o(.constdata), (3800 bytes).
    Removing font20.o(.data), (8 bytes).
    Removing font24cn.o(.constdata), (4482 bytes).
    Removing font24cn.o(.data), (12 bytes).
    Removing system_stm32f1xx.o(.rev16_text), (4 bytes).
    Removing system_stm32f1xx.o(.revsh_text), (4 bytes).
    Removing system_stm32f1xx.o(.rrx_text), (6 bytes).
    Removing stm32f1xx_hal_gpio_ex.o(.rev16_text), (4 bytes).
    Removing stm32f1xx_hal_gpio_ex.o(.revsh_text), (4 bytes).
    Removing stm32f1xx_hal_gpio_ex.o(.rrx_text), (6 bytes).
    Removing stm32f1xx_hal_gpio_ex.o(.text), (44 bytes).
    Removing stm32f1xx_hal_spi.o(.rev16_text), (4 bytes).
    Removing stm32f1xx_hal_spi.o(.revsh_text), (4 bytes).
    Removing stm32f1xx_hal_spi.o(.rrx_text), (6 bytes).
    Removing stm32f1xx_hal.o(.rev16_text), (4 bytes).
    Removing stm32f1xx_hal.o(.revsh_text), (4 bytes).
    Removing stm32f1xx_hal.o(.rrx_text), (6 bytes).
    Removing stm32f1xx_hal_rcc.o(.rev16_text), (4 bytes).
    Removing stm32f1xx_hal_rcc.o(.revsh_text), (4 bytes).
    Removing stm32f1xx_hal_rcc.o(.rrx_text), (6 bytes).
    Removing stm32f1xx_hal_rcc_ex.o(.rev16_text), (4 bytes).
    Removing stm32f1xx_hal_rcc_ex.o(.revsh_text), (4 bytes).
    Removing stm32f1xx_hal_rcc_ex.o(.rrx_text), (6 bytes).
    Removing stm32f1xx_hal_rcc_ex.o(.text), (628 bytes).
    Removing stm32f1xx_hal_gpio.o(.rev16_text), (4 bytes).
    Removing stm32f1xx_hal_gpio.o(.revsh_text), (4 bytes).
    Removing stm32f1xx_hal_gpio.o(.rrx_text), (6 bytes).
    Removing stm32f1xx_hal_dma.o(.rev16_text), (4 bytes).
    Removing stm32f1xx_hal_dma.o(.revsh_text), (4 bytes).
    Removing stm32f1xx_hal_dma.o(.rrx_text), (6 bytes).
    Removing stm32f1xx_hal_cortex.o(.rev16_text), (4 bytes).
    Removing stm32f1xx_hal_cortex.o(.revsh_text), (4 bytes).
    Removing stm32f1xx_hal_cortex.o(.rrx_text), (6 bytes).
    Removing stm32f1xx_hal_pwr.o(.rev16_text), (4 bytes).
    Removing stm32f1xx_hal_pwr.o(.revsh_text), (4 bytes).
    Removing stm32f1xx_hal_pwr.o(.rrx_text), (6 bytes).
    Removing stm32f1xx_hal_pwr.o(.text), (460 bytes).
    Removing stm32f1xx_hal_flash.o(.rev16_text), (4 bytes).
    Removing stm32f1xx_hal_flash.o(.revsh_text), (4 bytes).
    Removing stm32f1xx_hal_flash.o(.rrx_text), (6 bytes).
    Removing stm32f1xx_hal_flash.o(.text), (832 bytes).
    Removing stm32f1xx_hal_flash.o(.bss), (32 bytes).
    Removing stm32f1xx_hal_flash_ex.o(.rev16_text), (4 bytes).
    Removing stm32f1xx_hal_flash_ex.o(.revsh_text), (4 bytes).
    Removing stm32f1xx_hal_flash_ex.o(.rrx_text), (6 bytes).
    Removing stm32f1xx_hal_flash_ex.o(.text), (1164 bytes).
    Removing stm32f1xx_hal_exti.o(.rev16_text), (4 bytes).
    Removing stm32f1xx_hal_exti.o(.revsh_text), (4 bytes).
    Removing stm32f1xx_hal_exti.o(.rrx_text), (6 bytes).
    Removing stm32f1xx_hal_exti.o(.text), (652 bytes).
    Removing stm32f1xx_hal_tim.o(.rev16_text), (4 bytes).
    Removing stm32f1xx_hal_tim.o(.revsh_text), (4 bytes).
    Removing stm32f1xx_hal_tim.o(.rrx_text), (6 bytes).
    Removing stm32f1xx_hal_tim_ex.o(.rev16_text), (4 bytes).
    Removing stm32f1xx_hal_tim_ex.o(.revsh_text), (4 bytes).
    Removing stm32f1xx_hal_tim_ex.o(.rrx_text), (6 bytes).
    Removing stm32f1xx_hal_uart.o(.rev16_text), (4 bytes).
    Removing stm32f1xx_hal_uart.o(.revsh_text), (4 bytes).
    Removing stm32f1xx_hal_uart.o(.rrx_text), (6 bytes).
    Removing dadd.o(.text), (334 bytes).
    Removing dmul.o(.text), (228 bytes).
    Removing ddiv.o(.text), (222 bytes).
    Removing dfixul.o(.text), (48 bytes).
    Removing cdrcmple.o(.text), (48 bytes).
    Removing depilogue.o(.text), (186 bytes).

147 unused section(s) (total 837492 bytes) removed from the image.

==============================================================================

Image Symbol Table

    Local Symbols

    Symbol Name                              Value     Ov Type        Size  Object(Section)

    ../Drivers/STM32F1xx_HAL_Driver/Src/stm32f1xx_hal.c 0x00000000   Number         0  stm32f1xx_hal.o ABSOLUTE
    ../Drivers/STM32F1xx_HAL_Driver/Src/stm32f1xx_hal_cortex.c 0x00000000   Number         0  stm32f1xx_hal_cortex.o ABSOLUTE
    ../Drivers/STM32F1xx_HAL_Driver/Src/stm32f1xx_hal_dma.c 0x00000000   Number         0  stm32f1xx_hal_dma.o ABSOLUTE
    ../Drivers/STM32F1xx_HAL_Driver/Src/stm32f1xx_hal_exti.c 0x00000000   Number         0  stm32f1xx_hal_exti.o ABSOLUTE
    ../Drivers/STM32F1xx_HAL_Driver/Src/stm32f1xx_hal_flash.c 0x00000000   Number         0  stm32f1xx_hal_flash.o ABSOLUTE
    ../Drivers/STM32F1xx_HAL_Driver/Src/stm32f1xx_hal_flash_ex.c 0x00000000   Number         0  stm32f1xx_hal_flash_ex.o ABSOLUTE
    ../Drivers/STM32F1xx_HAL_Driver/Src/stm32f1xx_hal_gpio.c 0x00000000   Number         0  stm32f1xx_hal_gpio.o ABSOLUTE
    ../Drivers/STM32F1xx_HAL_Driver/Src/stm32f1xx_hal_gpio_ex.c 0x00000000   Number         0  stm32f1xx_hal_gpio_ex.o ABSOLUTE
    ../Drivers/STM32F1xx_HAL_Driver/Src/stm32f1xx_hal_pwr.c 0x00000000   Number         0  stm32f1xx_hal_pwr.o ABSOLUTE
    ../Drivers/STM32F1xx_HAL_Driver/Src/stm32f1xx_hal_rcc.c 0x00000000   Number         0  stm32f1xx_hal_rcc.o ABSOLUTE
    ../Drivers/STM32F1xx_HAL_Driver/Src/stm32f1xx_hal_rcc_ex.c 0x00000000   Number         0  stm32f1xx_hal_rcc_ex.o ABSOLUTE
    ../Drivers/STM32F1xx_HAL_Driver/Src/stm32f1xx_hal_spi.c 0x00000000   Number         0  stm32f1xx_hal_spi.o ABSOLUTE
    ../Drivers/STM32F1xx_HAL_Driver/Src/stm32f1xx_hal_tim.c 0x00000000   Number         0  stm32f1xx_hal_tim.o ABSOLUTE
    ../Drivers/STM32F1xx_HAL_Driver/Src/stm32f1xx_hal_tim_ex.c 0x00000000   Number         0  stm32f1xx_hal_tim_ex.o ABSOLUTE
    ../Drivers/STM32F1xx_HAL_Driver/Src/stm32f1xx_hal_uart.c 0x00000000   Number         0  stm32f1xx_hal_uart.o ABSOLUTE
    ../Src/gpio.c                            0x00000000   Number         0  gpio.o ABSOLUTE
    ../Src/main.c                            0x00000000   Number         0  main.o ABSOLUTE
    ../Src/spi.c                             0x00000000   Number         0  spi.o ABSOLUTE
    ../Src/stm32f1xx_hal_msp.c               0x00000000   Number         0  stm32f1xx_hal_msp.o ABSOLUTE
    ../Src/stm32f1xx_it.c                    0x00000000   Number         0  stm32f1xx_it.o ABSOLUTE
    ../Src/system_stm32f1xx.c                0x00000000   Number         0  system_stm32f1xx.o ABSOLUTE
    ../Src/usart.c                           0x00000000   Number         0  usart.o ABSOLUTE
    ../clib/../cmprslib/zerorunl2.c          0x00000000   Number         0  __dczerorl2.o ABSOLUTE
    ../clib/microlib/division.c              0x00000000   Number         0  uldiv.o ABSOLUTE
    ../clib/microlib/division.c              0x00000000   Number         0  uidiv.o ABSOLUTE
    ../clib/microlib/init/entry.s            0x00000000   Number         0  entry9a.o ABSOLUTE
    ../clib/microlib/init/entry.s            0x00000000   Number         0  entry8b.o ABSOLUTE
    ../clib/microlib/init/entry.s            0x00000000   Number         0  entry8a.o ABSOLUTE
    ../clib/microlib/init/entry.s            0x00000000   Number         0  entry7a.o ABSOLUTE
    ../clib/microlib/init/entry.s            0x00000000   Number         0  entry12b.o ABSOLUTE
    ../clib/microlib/init/entry.s            0x00000000   Number         0  entry2.o ABSOLUTE
    ../clib/microlib/init/entry.s            0x00000000   Number         0  entry5.o ABSOLUTE
    ../clib/microlib/init/entry.s            0x00000000   Number         0  entry10a.o ABSOLUTE
    ../clib/microlib/init/entry.s            0x00000000   Number         0  entry7b.o ABSOLUTE
    ../clib/microlib/init/entry.s            0x00000000   Number         0  entry9b.o ABSOLUTE
    ../clib/microlib/init/entry.s            0x00000000   Number         0  entry.o ABSOLUTE
    ../clib/microlib/init/entry.s            0x00000000   Number         0  entry12a.o ABSOLUTE
    ../clib/microlib/init/entry.s            0x00000000   Number         0  entry11b.o ABSOLUTE
    ../clib/microlib/init/entry.s            0x00000000   Number         0  entry11a.o ABSOLUTE
    ../clib/microlib/init/entry.s            0x00000000   Number         0  entry10b.o ABSOLUTE
    ../clib/microlib/longlong.c              0x00000000   Number         0  llsshr.o ABSOLUTE
    ../clib/microlib/longlong.c              0x00000000   Number         0  llushr.o ABSOLUTE
    ../clib/microlib/longlong.c              0x00000000   Number         0  llshl.o ABSOLUTE
    ../clib/microlib/malloc/malloc.c         0x00000000   Number         0  mallocra.o ABSOLUTE
    ../clib/microlib/malloc/malloc.c         0x00000000   Number         0  malloca.o ABSOLUTE
    ../clib/microlib/malloc/malloc.c         0x00000000   Number         0  mallocr.o ABSOLUTE
    ../clib/microlib/malloc/malloc.c         0x00000000   Number         0  malloc.o ABSOLUTE
    ../clib/microlib/malloc/mvars.c          0x00000000   Number         0  mvars.o ABSOLUTE
    ../clib/microlib/printf/printf.c         0x00000000   Number         0  printf6.o ABSOLUTE
    ../clib/microlib/printf/printf.c         0x00000000   Number         0  printf5.o ABSOLUTE
    ../clib/microlib/printf/printf.c         0x00000000   Number         0  printf4.o ABSOLUTE
    ../clib/microlib/printf/printf.c         0x00000000   Number         0  printfb.o ABSOLUTE
    ../clib/microlib/printf/printf.c         0x00000000   Number         0  printf0.o ABSOLUTE
    ../clib/microlib/printf/printf.c         0x00000000   Number         0  printf1.o ABSOLUTE
    ../clib/microlib/printf/printf.c         0x00000000   Number         0  printf3.o ABSOLUTE
    ../clib/microlib/printf/printf.c         0x00000000   Number         0  printf2.o ABSOLUTE
    ../clib/microlib/printf/printf.c         0x00000000   Number         0  printfa.o ABSOLUTE
    ../clib/microlib/printf/printf.c         0x00000000   Number         0  printf8.o ABSOLUTE
    ../clib/microlib/printf/printf.c         0x00000000   Number         0  printf7.o ABSOLUTE
    ../clib/microlib/printf/stubs.s          0x00000000   Number         0  stubs.o ABSOLUTE
    ../clib/microlib/stdio/streams.c         0x00000000   Number         0  stdout.o ABSOLUTE
    ../clib/microlib/string/memcpy.c         0x00000000   Number         0  memcpyb.o ABSOLUTE
    ../clib/microlib/string/memcpy.c         0x00000000   Number         0  memcpya.o ABSOLUTE
    ../clib/microlib/string/memset.c         0x00000000   Number         0  memseta.o ABSOLUTE
    ../clib/microlib/stubs.s                 0x00000000   Number         0  iusefp.o ABSOLUTE
    ../fplib/microlib/fpadd.c                0x00000000   Number         0  dadd.o ABSOLUTE
    ../fplib/microlib/fpdiv.c                0x00000000   Number         0  ddiv.o ABSOLUTE
    ../fplib/microlib/fpepilogue.c           0x00000000   Number         0  depilogue.o ABSOLUTE
    ../fplib/microlib/fpfix.c                0x00000000   Number         0  dfixul.o ABSOLUTE
    ../fplib/microlib/fpmul.c                0x00000000   Number         0  dmul.o ABSOLUTE
    ..\Drivers\STM32F1xx_HAL_Driver\Src\stm32f1xx_hal.c 0x00000000   Number         0  stm32f1xx_hal.o ABSOLUTE
    ..\Drivers\STM32F1xx_HAL_Driver\Src\stm32f1xx_hal_cortex.c 0x00000000   Number         0  stm32f1xx_hal_cortex.o ABSOLUTE
    ..\Drivers\STM32F1xx_HAL_Driver\Src\stm32f1xx_hal_dma.c 0x00000000   Number         0  stm32f1xx_hal_dma.o ABSOLUTE
    ..\Drivers\STM32F1xx_HAL_Driver\Src\stm32f1xx_hal_exti.c 0x00000000   Number         0  stm32f1xx_hal_exti.o ABSOLUTE
    ..\Drivers\STM32F1xx_HAL_Driver\Src\stm32f1xx_hal_flash.c 0x00000000   Number         0  stm32f1xx_hal_flash.o ABSOLUTE
    ..\Drivers\STM32F1xx_HAL_Driver\Src\stm32f1xx_hal_flash_ex.c 0x00000000   Number         0  stm32f1xx_hal_flash_ex.o ABSOLUTE
    ..\Drivers\STM32F1xx_HAL_Driver\Src\stm32f1xx_hal_gpio.c 0x00000000   Number         0  stm32f1xx_hal_gpio.o ABSOLUTE
    ..\Drivers\STM32F1xx_HAL_Driver\Src\stm32f1xx_hal_gpio_ex.c 0x00000000   Number         0  stm32f1xx_hal_gpio_ex.o ABSOLUTE
    ..\Drivers\STM32F1xx_HAL_Driver\Src\stm32f1xx_hal_pwr.c 0x00000000   Number         0  stm32f1xx_hal_pwr.o ABSOLUTE
    ..\Drivers\STM32F1xx_HAL_Driver\Src\stm32f1xx_hal_rcc.c 0x00000000   Number         0  stm32f1xx_hal_rcc.o ABSOLUTE
    ..\Drivers\STM32F1xx_HAL_Driver\Src\stm32f1xx_hal_rcc_ex.c 0x00000000   Number         0  stm32f1xx_hal_rcc_ex.o ABSOLUTE
    ..\Drivers\STM32F1xx_HAL_Driver\Src\stm32f1xx_hal_spi.c 0x00000000   Number         0  stm32f1xx_hal_spi.o ABSOLUTE
    ..\Drivers\STM32F1xx_HAL_Driver\Src\stm32f1xx_hal_tim.c 0x00000000   Number         0  stm32f1xx_hal_tim.o ABSOLUTE
    ..\Drivers\STM32F1xx_HAL_Driver\Src\stm32f1xx_hal_tim_ex.c 0x00000000   Number         0  stm32f1xx_hal_tim_ex.o ABSOLUTE
    ..\Drivers\STM32F1xx_HAL_Driver\Src\stm32f1xx_hal_uart.c 0x00000000   Number         0  stm32f1xx_hal_uart.o ABSOLUTE
    ..\Src\gpio.c                            0x00000000   Number         0  gpio.o ABSOLUTE
    ..\Src\main.c                            0x00000000   Number         0  main.o ABSOLUTE
    ..\Src\spi.c                             0x00000000   Number         0  spi.o ABSOLUTE
    ..\Src\stm32f1xx_hal_msp.c               0x00000000   Number         0  stm32f1xx_hal_msp.o ABSOLUTE
    ..\Src\stm32f1xx_it.c                    0x00000000   Number         0  stm32f1xx_it.o ABSOLUTE
    ..\Src\system_stm32f1xx.c                0x00000000   Number         0  system_stm32f1xx.o ABSOLUTE
    ..\Src\usart.c                           0x00000000   Number         0  usart.o ABSOLUTE
    ..\User\Config\DEV_Config.c              0x00000000   Number         0  dev_config.o ABSOLUTE
    ..\User\Examples\EPD_1in54_V2_test.c     0x00000000   Number         0  epd_1in54_v2_test.o ABSOLUTE
    ..\User\Examples\ImageData.c             0x00000000   Number         0  imagedata.o ABSOLUTE
    ..\User\Fonts\font12.c                   0x00000000   Number         0  font12.o ABSOLUTE
    ..\User\Fonts\font12CN.c                 0x00000000   Number         0  font12cn.o ABSOLUTE
    ..\User\Fonts\font16.c                   0x00000000   Number         0  font16.o ABSOLUTE
    ..\User\Fonts\font20.c                   0x00000000   Number         0  font20.o ABSOLUTE
    ..\User\Fonts\font24.c                   0x00000000   Number         0  font24.o ABSOLUTE
    ..\User\Fonts\font24CN.c                 0x00000000   Number         0  font24cn.o ABSOLUTE
    ..\User\Fonts\font8.c                    0x00000000   Number         0  font8.o ABSOLUTE
    ..\User\Fonts\tfont.c                    0x00000000   Number         0  tfont.o ABSOLUTE
    ..\User\GUI\GUI_Paint.c                  0x00000000   Number         0  gui_paint.o ABSOLUTE
    ..\User\e-Paper\EPD_1in54_V2.c           0x00000000   Number         0  epd_1in54_v2.o ABSOLUTE
    ..\\User\\Config\\DEV_Config.c           0x00000000   Number         0  dev_config.o ABSOLUTE
    ..\\User\\Examples\\EPD_1in54_V2_test.c  0x00000000   Number         0  epd_1in54_v2_test.o ABSOLUTE
    ..\\User\\GUI\\GUI_Paint.c               0x00000000   Number         0  gui_paint.o ABSOLUTE
    ..\\User\\e-Paper\\EPD_1in54_V2.c        0x00000000   Number         0  epd_1in54_v2.o ABSOLUTE
    cdrcmple.s                               0x00000000   Number         0  cdrcmple.o ABSOLUTE
    dc.s                                     0x00000000   Number         0  dc.o ABSOLUTE
    handlers.s                               0x00000000   Number         0  handlers.o ABSOLUTE
    init.s                                   0x00000000   Number         0  init.o ABSOLUTE
    startup_stm32f103xe.s                    0x00000000   Number         0  startup_stm32f103xe.o ABSOLUTE
    RESET                                    0x08000000   Section      304  startup_stm32f103xe.o(RESET)
    .ARM.Collect$$$$00000000                 0x08000130   Section        0  entry.o(.ARM.Collect$$$$00000000)
    .ARM.Collect$$$$00000001                 0x08000130   Section        4  entry2.o(.ARM.Collect$$$$00000001)
    .ARM.Collect$$$$00000004                 0x08000134   Section        4  entry5.o(.ARM.Collect$$$$00000004)
    .ARM.Collect$$$$00000008                 0x08000138   Section        0  entry7b.o(.ARM.Collect$$$$00000008)
    .ARM.Collect$$$$0000000A                 0x08000138   Section        0  entry8b.o(.ARM.Collect$$$$0000000A)
    .ARM.Collect$$$$0000000B                 0x08000138   Section        8  entry9a.o(.ARM.Collect$$$$0000000B)
    .ARM.Collect$$$$0000000E                 0x08000140   Section        4  entry12b.o(.ARM.Collect$$$$0000000E)
    .ARM.Collect$$$$0000000F                 0x08000144   Section        0  entry10a.o(.ARM.Collect$$$$0000000F)
    .ARM.Collect$$$$00000011                 0x08000144   Section        0  entry11a.o(.ARM.Collect$$$$00000011)
    .ARM.Collect$$$$00002712                 0x08000144   Section        4  entry2.o(.ARM.Collect$$$$00002712)
    __lit__00000000                          0x08000144   Data           4  entry2.o(.ARM.Collect$$$$00002712)
    .text                                    0x08000148   Section       36  startup_stm32f103xe.o(.text)
    .text                                    0x0800016c   Section        0  main.o(.text)
    .text                                    0x08000274   Section        0  gpio.o(.text)
    .text                                    0x080002d4   Section        0  spi.o(.text)
    .text                                    0x08000390   Section        0  usart.o(.text)
    .text                                    0x08000468   Section        0  stm32f1xx_it.o(.text)
    .text                                    0x0800049c   Section        0  stm32f1xx_hal_msp.o(.text)
    .text                                    0x080004d8   Section        0  epd_1in54_v2_test.o(.text)
    .text                                    0x08000760   Section        0  epd_1in54_v2.o(.text)
    EPD_1IN54_V2_Reset                       0x08000761   Thumb Code    56  epd_1in54_v2.o(.text)
    EPD_1IN54_V2_ReadBusy                    0x08000799   Thumb Code    40  epd_1in54_v2.o(.text)
    EPD_1IN54_V2_SetLut                      0x080007c1   Thumb Code    96  epd_1in54_v2.o(.text)
    EPD_1IN54_V2_SendCommand                 0x08000a91   Thumb Code    46  epd_1in54_v2.o(.text)
    EPD_1IN54_V2_SendData                    0x08000abf   Thumb Code    46  epd_1in54_v2.o(.text)
    EPD_1IN54_V2_TurnOnDisplay               0x08000aed   Thumb Code    26  epd_1in54_v2.o(.text)
    EPD_1IN54_V2_TurnOnDisplayPart           0x08000b07   Thumb Code    26  epd_1in54_v2.o(.text)
    .text                                    0x08000b60   Section        0  dev_config.o(.text)
    .text                                    0x08000bc8   Section        0  gui_paint.o(.text)
    .text                                    0x08001d8c   Section        0  system_stm32f1xx.o(.text)
    .text                                    0x08001e50   Section        0  stm32f1xx_hal_spi.o(.text)
    SPI_WaitFlagStateUntilTimeout            0x08001f39   Thumb Code   210  stm32f1xx_hal_spi.o(.text)
    SPI_EndRxTxTransaction                   0x0800200b   Thumb Code    36  stm32f1xx_hal_spi.o(.text)
    SPI_EndRxTransaction                     0x080021cb   Thumb Code   112  stm32f1xx_hal_spi.o(.text)
    SPI_CloseTx_ISR                          0x080025ab   Thumb Code   130  stm32f1xx_hal_spi.o(.text)
    SPI_TxISR_8BIT                           0x0800262d   Thumb Code    30  stm32f1xx_hal_spi.o(.text)
    SPI_TxISR_16BIT                          0x0800264b   Thumb Code    30  stm32f1xx_hal_spi.o(.text)
    SPI_CloseRx_ISR                          0x0800270d   Thumb Code    76  stm32f1xx_hal_spi.o(.text)
    SPI_RxISR_8BIT                           0x08002759   Thumb Code    30  stm32f1xx_hal_spi.o(.text)
    SPI_RxISR_16BIT                          0x08002777   Thumb Code    30  stm32f1xx_hal_spi.o(.text)
    SPI_CloseRxTx_ISR                        0x08002797   Thumb Code   158  stm32f1xx_hal_spi.o(.text)
    SPI_2linesTxISR_8BIT                     0x08002835   Thumb Code    46  stm32f1xx_hal_spi.o(.text)
    SPI_2linesRxISR_8BIT                     0x08002863   Thumb Code    46  stm32f1xx_hal_spi.o(.text)
    SPI_2linesTxISR_16BIT                    0x08002891   Thumb Code    46  stm32f1xx_hal_spi.o(.text)
    SPI_2linesRxISR_16BIT                    0x080028bf   Thumb Code    46  stm32f1xx_hal_spi.o(.text)
    SPI_DMAError                             0x08002a59   Thumb Code    34  stm32f1xx_hal_spi.o(.text)
    SPI_DMATransmitCplt                      0x08002a7b   Thumb Code   102  stm32f1xx_hal_spi.o(.text)
    SPI_DMAHalfTransmitCplt                  0x08002ae3   Thumb Code    10  stm32f1xx_hal_spi.o(.text)
    SPI_DMAReceiveCplt                       0x08002bbd   Thumb Code   110  stm32f1xx_hal_spi.o(.text)
    SPI_DMAHalfReceiveCplt                   0x08002c2d   Thumb Code    10  stm32f1xx_hal_spi.o(.text)
    SPI_DMATransmitReceiveCplt               0x08002c37   Thumb Code    92  stm32f1xx_hal_spi.o(.text)
    SPI_DMAHalfTransmitReceiveCplt           0x08002c95   Thumb Code    10  stm32f1xx_hal_spi.o(.text)
    SPI_AbortRx_ISR                          0x08002ee3   Thumb Code    82  stm32f1xx_hal_spi.o(.text)
    SPI_AbortTx_ISR                          0x08002f35   Thumb Code    28  stm32f1xx_hal_spi.o(.text)
    SPI_DMARxAbortCallback                   0x08003075   Thumb Code    98  stm32f1xx_hal_spi.o(.text)
    SPI_DMATxAbortCallback                   0x080030d7   Thumb Code   114  stm32f1xx_hal_spi.o(.text)
    SPI_DMAAbortOnError                      0x08003321   Thumb Code    16  stm32f1xx_hal_spi.o(.text)
    .text                                    0x08003438   Section        0  stm32f1xx_hal.o(.text)
    .text                                    0x080035c0   Section        0  stm32f1xx_hal_rcc.o(.text)
    RCC_Delay                                0x080036bb   Thumb Code    32  stm32f1xx_hal_rcc.o(.text)
    .text                                    0x08003e88   Section        0  stm32f1xx_hal_gpio.o(.text)
    .text                                    0x0800425c   Section        0  stm32f1xx_hal_dma.o(.text)
    DMA_SetConfig                            0x0800436b   Thumb Code    56  stm32f1xx_hal_dma.o(.text)
    .text                                    0x08004ea4   Section        0  stm32f1xx_hal_cortex.o(.text)
    .text                                    0x080050c8   Section        0  stm32f1xx_hal_uart.o(.text)
    UART_SetConfig                           0x080050c9   Thumb Code   194  stm32f1xx_hal_uart.o(.text)
    UART_WaitOnFlagUntilTimeout              0x080053a9   Thumb Code   120  stm32f1xx_hal_uart.o(.text)
    UART_EndRxTransfer                       0x08005659   Thumb Code    28  stm32f1xx_hal_uart.o(.text)
    UART_EndTxTransfer                       0x08005675   Thumb Code    18  stm32f1xx_hal_uart.o(.text)
    UART_DMAError                            0x08005687   Thumb Code    74  stm32f1xx_hal_uart.o(.text)
    UART_DMATxHalfCplt                       0x080056d3   Thumb Code    10  stm32f1xx_hal_uart.o(.text)
    UART_DMATransmitCplt                     0x080056df   Thumb Code    48  stm32f1xx_hal_uart.o(.text)
    UART_DMARxHalfCplt                       0x0800579b   Thumb Code    10  stm32f1xx_hal_uart.o(.text)
    UART_DMAReceiveCplt                      0x080057a7   Thumb Code    62  stm32f1xx_hal_uart.o(.text)
    UART_DMARxAbortCallback                  0x08005adb   Thumb Code    44  stm32f1xx_hal_uart.o(.text)
    UART_DMATxAbortCallback                  0x08005b07   Thumb Code    66  stm32f1xx_hal_uart.o(.text)
    UART_DMATxOnlyAbortCallback              0x08005bfd   Thumb Code    20  stm32f1xx_hal_uart.o(.text)
    UART_DMARxOnlyAbortCallback              0x08005c71   Thumb Code    20  stm32f1xx_hal_uart.o(.text)
    UART_EndTransmit_IT                      0x08005ced   Thumb Code    26  stm32f1xx_hal_uart.o(.text)
    UART_Transmit_IT                         0x08005d07   Thumb Code    94  stm32f1xx_hal_uart.o(.text)
    UART_DMAAbortOnError                     0x08005d65   Thumb Code    16  stm32f1xx_hal_uart.o(.text)
    UART_Receive_IT                          0x08005d75   Thumb Code   146  stm32f1xx_hal_uart.o(.text)
    .text                                    0x08006064   Section        0  memseta.o(.text)
    .text                                    0x08006088   Section        0  uidiv.o(.text)
    .text                                    0x080060b4   Section       36  init.o(.text)
    .text                                    0x080060d8   Section        0  __dczerorl2.o(.text)
    i.__0printf$3                            0x08006130   Section        0  printf3.o(i.__0printf$3)
    i.__scatterload_copy                     0x08006150   Section       14  handlers.o(i.__scatterload_copy)
    i.__scatterload_null                     0x0800615e   Section        2  handlers.o(i.__scatterload_null)
    i.__scatterload_zeroinit                 0x08006160   Section       14  handlers.o(i.__scatterload_zeroinit)
    i._printf_core                           0x08006170   Section        0  printf3.o(i._printf_core)
    _printf_core                             0x08006171   Thumb Code   436  printf3.o(i._printf_core)
    i.malloc                                 0x08006328   Section        0  malloc.o(i.malloc)
    .constdata                               0x08006394   Section     6840  font24.o(.constdata)
    .constdata                               0x08007e4c   Section     6912  tfont.o(.constdata)
    .constdata                               0x0800994c   Section       16  system_stm32f1xx.o(.constdata)
    .constdata                               0x0800995c   Section        8  system_stm32f1xx.o(.constdata)
    .conststring                             0x08009964   Section      233  gui_paint.o(.conststring)
    .data                                    0x20000000   Section        1  main.o(.data)
    .data                                    0x20000001   Section      318  epd_1in54_v2.o(.data)
    .data                                    0x20000140   Section        8  font24.o(.data)
    .data                                    0x20000148   Section        8  tfont.o(.data)
    .data                                    0x20000150   Section        4  system_stm32f1xx.o(.data)
    .data                                    0x20000154   Section       12  stm32f1xx_hal.o(.data)
    .data                                    0x20000160   Section        4  stdout.o(.data)
    .data                                    0x20000164   Section        4  mvars.o(.data)
    .data                                    0x20000168   Section        4  mvars.o(.data)
    .bss                                     0x2000016c   Section       88  spi.o(.bss)
    .bss                                     0x200001c4   Section       64  usart.o(.bss)
    .bss                                     0x20000204   Section       24  gui_paint.o(.bss)
    HEAP                                     0x20000220   Section    36864  startup_stm32f103xe.o(HEAP)
    STACK                                    0x20009220   Section     4096  startup_stm32f103xe.o(STACK)

    Global Symbols

    Symbol Name                              Value     Ov Type        Size  Object(Section)

    BuildAttributes$$THM_ISAv4$P$D$K$B$S$PE$A:L22UL41UL21$X:L11$S22US41US21$IEEE1$IW$USESV6$~STKCKD$USESV7$~SHL$OTIME$ROPI$EBA8$MICROLIB$REQ8$PRES8$EABIv2 0x00000000   Number         0  anon$$obj.o ABSOLUTE
    __ARM_use_no_argv                        0x00000000   Number         0  main.o ABSOLUTE
    _printf_a                                0x00000000   Number         0  stubs.o ABSOLUTE
    _printf_c                                0x00000000   Number         0  stubs.o ABSOLUTE
    _printf_charcount                        0x00000000   Number         0  stubs.o ABSOLUTE
    _printf_d                                0x00000000   Number         0  stubs.o ABSOLUTE
    _printf_e                                0x00000000   Number         0  stubs.o ABSOLUTE
    _printf_f                                0x00000000   Number         0  stubs.o ABSOLUTE
    _printf_flags                            0x00000000   Number         0  stubs.o ABSOLUTE
    _printf_fp_dec                           0x00000000   Number         0  stubs.o ABSOLUTE
    _printf_fp_hex                           0x00000000   Number         0  stubs.o ABSOLUTE
    _printf_g                                0x00000000   Number         0  stubs.o ABSOLUTE
    _printf_i                                0x00000000   Number         0  stubs.o ABSOLUTE
    _printf_int_dec                          0x00000000   Number         0  stubs.o ABSOLUTE
    _printf_l                                0x00000000   Number         0  stubs.o ABSOLUTE
    _printf_lc                               0x00000000   Number         0  stubs.o ABSOLUTE
    _printf_ll                               0x00000000   Number         0  stubs.o ABSOLUTE
    _printf_lld                              0x00000000   Number         0  stubs.o ABSOLUTE
    _printf_lli                              0x00000000   Number         0  stubs.o ABSOLUTE
    _printf_llo                              0x00000000   Number         0  stubs.o ABSOLUTE
    _printf_llu                              0x00000000   Number         0  stubs.o ABSOLUTE
    _printf_llx                              0x00000000   Number         0  stubs.o ABSOLUTE
    _printf_longlong_dec                     0x00000000   Number         0  stubs.o ABSOLUTE
    _printf_longlong_hex                     0x00000000   Number         0  stubs.o ABSOLUTE
    _printf_longlong_oct                     0x00000000   Number         0  stubs.o ABSOLUTE
    _printf_ls                               0x00000000   Number         0  stubs.o ABSOLUTE
    _printf_mbtowc                           0x00000000   Number         0  stubs.o ABSOLUTE
    _printf_n                                0x00000000   Number         0  stubs.o ABSOLUTE
    _printf_o                                0x00000000   Number         0  stubs.o ABSOLUTE
    _printf_p                                0x00000000   Number         0  stubs.o ABSOLUTE
    _printf_percent                          0x00000000   Number         0  stubs.o ABSOLUTE
    _printf_pre_padding                      0x00000000   Number         0  stubs.o ABSOLUTE
    _printf_return_value                     0x00000000   Number         0  stubs.o ABSOLUTE
    _printf_s                                0x00000000   Number         0  stubs.o ABSOLUTE
    _printf_sizespec                         0x00000000   Number         0  stubs.o ABSOLUTE
    _printf_str                              0x00000000   Number         0  stubs.o ABSOLUTE
    _printf_truncate_signed                  0x00000000   Number         0  stubs.o ABSOLUTE
    _printf_truncate_unsigned                0x00000000   Number         0  stubs.o ABSOLUTE
    _printf_u                                0x00000000   Number         0  stubs.o ABSOLUTE
    _printf_wc                               0x00000000   Number         0  stubs.o ABSOLUTE
    _printf_wctomb                           0x00000000   Number         0  stubs.o ABSOLUTE
    _printf_widthprec                        0x00000000   Number         0  stubs.o ABSOLUTE
    _printf_x                                0x00000000   Number         0  stubs.o ABSOLUTE
    __arm_fini_                               - Undefined Weak Reference
    __cpp_initialize__aeabi_                  - Undefined Weak Reference
    __cxa_finalize                            - Undefined Weak Reference
    _clock_init                               - Undefined Weak Reference
    _microlib_exit                            - Undefined Weak Reference
    __Vectors_Size                           0x00000130   Number         0  startup_stm32f103xe.o ABSOLUTE
    __Vectors                                0x08000000   Data           4  startup_stm32f103xe.o(RESET)
    __Vectors_End                            0x08000130   Data           0  startup_stm32f103xe.o(RESET)
    __main                                   0x08000131   Thumb Code     0  entry.o(.ARM.Collect$$$$00000000)
    _main_stk                                0x08000131   Thumb Code     0  entry2.o(.ARM.Collect$$$$00000001)
    _main_scatterload                        0x08000135   Thumb Code     0  entry5.o(.ARM.Collect$$$$00000004)
    __main_after_scatterload                 0x08000139   Thumb Code     0  entry5.o(.ARM.Collect$$$$00000004)
    _main_clock                              0x08000139   Thumb Code     0  entry7b.o(.ARM.Collect$$$$00000008)
    _main_cpp_init                           0x08000139   Thumb Code     0  entry8b.o(.ARM.Collect$$$$0000000A)
    _main_init                               0x08000139   Thumb Code     0  entry9a.o(.ARM.Collect$$$$0000000B)
    __rt_lib_shutdown_fini                   0x08000141   Thumb Code     0  entry12b.o(.ARM.Collect$$$$0000000E)
    __rt_final_cpp                           0x08000145   Thumb Code     0  entry10a.o(.ARM.Collect$$$$0000000F)
    __rt_final_exit                          0x08000145   Thumb Code     0  entry11a.o(.ARM.Collect$$$$00000011)
    Reset_Handler                            0x08000149   Thumb Code     8  startup_stm32f103xe.o(.text)
    ADC1_2_IRQHandler                        0x08000163   Thumb Code     0  startup_stm32f103xe.o(.text)
    ADC3_IRQHandler                          0x08000163   Thumb Code     0  startup_stm32f103xe.o(.text)
    CAN1_RX1_IRQHandler                      0x08000163   Thumb Code     0  startup_stm32f103xe.o(.text)
    CAN1_SCE_IRQHandler                      0x08000163   Thumb Code     0  startup_stm32f103xe.o(.text)
    DMA1_Channel1_IRQHandler                 0x08000163   Thumb Code     0  startup_stm32f103xe.o(.text)
    DMA1_Channel2_IRQHandler                 0x08000163   Thumb Code     0  startup_stm32f103xe.o(.text)
    DMA1_Channel3_IRQHandler                 0x08000163   Thumb Code     0  startup_stm32f103xe.o(.text)
    DMA1_Channel4_IRQHandler                 0x08000163   Thumb Code     0  startup_stm32f103xe.o(.text)
    DMA1_Channel5_IRQHandler                 0x08000163   Thumb Code     0  startup_stm32f103xe.o(.text)
    DMA1_Channel6_IRQHandler                 0x08000163   Thumb Code     0  startup_stm32f103xe.o(.text)
    DMA1_Channel7_IRQHandler                 0x08000163   Thumb Code     0  startup_stm32f103xe.o(.text)
    DMA2_Channel1_IRQHandler                 0x08000163   Thumb Code     0  startup_stm32f103xe.o(.text)
    DMA2_Channel2_IRQHandler                 0x08000163   Thumb Code     0  startup_stm32f103xe.o(.text)
    DMA2_Channel3_IRQHandler                 0x08000163   Thumb Code     0  startup_stm32f103xe.o(.text)
    DMA2_Channel4_5_IRQHandler               0x08000163   Thumb Code     0  startup_stm32f103xe.o(.text)
    EXTI15_10_IRQHandler                     0x08000163   Thumb Code     0  startup_stm32f103xe.o(.text)
    EXTI1_IRQHandler                         0x08000163   Thumb Code     0  startup_stm32f103xe.o(.text)
    EXTI2_IRQHandler                         0x08000163   Thumb Code     0  startup_stm32f103xe.o(.text)
    EXTI3_IRQHandler                         0x08000163   Thumb Code     0  startup_stm32f103xe.o(.text)
    EXTI4_IRQHandler                         0x08000163   Thumb Code     0  startup_stm32f103xe.o(.text)
    EXTI9_5_IRQHandler                       0x08000163   Thumb Code     0  startup_stm32f103xe.o(.text)
    FLASH_IRQHandler                         0x08000163   Thumb Code     0  startup_stm32f103xe.o(.text)
    FSMC_IRQHandler                          0x08000163   Thumb Code     0  startup_stm32f103xe.o(.text)
    I2C1_ER_IRQHandler                       0x08000163   Thumb Code     0  startup_stm32f103xe.o(.text)
    I2C1_EV_IRQHandler                       0x08000163   Thumb Code     0  startup_stm32f103xe.o(.text)
    I2C2_ER_IRQHandler                       0x08000163   Thumb Code     0  startup_stm32f103xe.o(.text)
    I2C2_EV_IRQHandler                       0x08000163   Thumb Code     0  startup_stm32f103xe.o(.text)
    PVD_IRQHandler                           0x08000163   Thumb Code     0  startup_stm32f103xe.o(.text)
    RCC_IRQHandler                           0x08000163   Thumb Code     0  startup_stm32f103xe.o(.text)
    RTC_Alarm_IRQHandler                     0x08000163   Thumb Code     0  startup_stm32f103xe.o(.text)
    RTC_IRQHandler                           0x08000163   Thumb Code     0  startup_stm32f103xe.o(.text)
    SDIO_IRQHandler                          0x08000163   Thumb Code     0  startup_stm32f103xe.o(.text)
    SPI1_IRQHandler                          0x08000163   Thumb Code     0  startup_stm32f103xe.o(.text)
    SPI2_IRQHandler                          0x08000163   Thumb Code     0  startup_stm32f103xe.o(.text)
    SPI3_IRQHandler                          0x08000163   Thumb Code     0  startup_stm32f103xe.o(.text)
    TAMPER_IRQHandler                        0x08000163   Thumb Code     0  startup_stm32f103xe.o(.text)
    TIM1_BRK_IRQHandler                      0x08000163   Thumb Code     0  startup_stm32f103xe.o(.text)
    TIM1_CC_IRQHandler                       0x08000163   Thumb Code     0  startup_stm32f103xe.o(.text)
    TIM1_TRG_COM_IRQHandler                  0x08000163   Thumb Code     0  startup_stm32f103xe.o(.text)
    TIM1_UP_IRQHandler                       0x08000163   Thumb Code     0  startup_stm32f103xe.o(.text)
    TIM2_IRQHandler                          0x08000163   Thumb Code     0  startup_stm32f103xe.o(.text)
    TIM3_IRQHandler                          0x08000163   Thumb Code     0  startup_stm32f103xe.o(.text)
    TIM4_IRQHandler                          0x08000163   Thumb Code     0  startup_stm32f103xe.o(.text)
    TIM5_IRQHandler                          0x08000163   Thumb Code     0  startup_stm32f103xe.o(.text)
    TIM6_IRQHandler                          0x08000163   Thumb Code     0  startup_stm32f103xe.o(.text)
    TIM7_IRQHandler                          0x08000163   Thumb Code     0  startup_stm32f103xe.o(.text)
    TIM8_BRK_IRQHandler                      0x08000163   Thumb Code     0  startup_stm32f103xe.o(.text)
    TIM8_CC_IRQHandler                       0x08000163   Thumb Code     0  startup_stm32f103xe.o(.text)
    TIM8_TRG_COM_IRQHandler                  0x08000163   Thumb Code     0  startup_stm32f103xe.o(.text)
    TIM8_UP_IRQHandler                       0x08000163   Thumb Code     0  startup_stm32f103xe.o(.text)
    UART4_IRQHandler                         0x08000163   Thumb Code     0  startup_stm32f103xe.o(.text)
    UART5_IRQHandler                         0x08000163   Thumb Code     0  startup_stm32f103xe.o(.text)
    USART1_IRQHandler                        0x08000163   Thumb Code     0  startup_stm32f103xe.o(.text)
    USART2_IRQHandler                        0x08000163   Thumb Code     0  startup_stm32f103xe.o(.text)
    USART3_IRQHandler                        0x08000163   Thumb Code     0  startup_stm32f103xe.o(.text)
    USBWakeUp_IRQHandler                     0x08000163   Thumb Code     0  startup_stm32f103xe.o(.text)
    USB_HP_CAN1_TX_IRQHandler                0x08000163   Thumb Code     0  startup_stm32f103xe.o(.text)
    USB_LP_CAN1_RX0_IRQHandler               0x08000163   Thumb Code     0  startup_stm32f103xe.o(.text)
    WWDG_IRQHandler                          0x08000163   Thumb Code     0  startup_stm32f103xe.o(.text)
    Error_Handler                            0x0800016d   Thumb Code     8  main.o(.text)
    SystemClock_Config                       0x08000175   Thumb Code    88  main.o(.text)
    main                                     0x080001cd   Thumb Code    90  main.o(.text)
    HAL_GPIO_EXTI_Callback                   0x08000227   Thumb Code    38  main.o(.text)
    MX_GPIO_Init                             0x08000275   Thumb Code    86  gpio.o(.text)
    MX_SPI1_Init                             0x080002d5   Thumb Code    62  spi.o(.text)
    HAL_SPI_MspInit                          0x08000313   Thumb Code    80  spi.o(.text)
    HAL_SPI_MspDeInit                        0x08000363   Thumb Code    28  spi.o(.text)
    MX_USART1_UART_Init                      0x08000391   Thumb Code    48  usart.o(.text)
    HAL_UART_MspInit                         0x080003c1   Thumb Code   100  usart.o(.text)
    HAL_UART_MspDeInit                       0x08000425   Thumb Code    30  usart.o(.text)
    fputc                                    0x08000443   Thumb Code    20  usart.o(.text)
    NMI_Handler                              0x08000469   Thumb Code     2  stm32f1xx_it.o(.text)
    HardFault_Handler                        0x0800046b   Thumb Code     8  stm32f1xx_it.o(.text)
    MemManage_Handler                        0x08000473   Thumb Code     2  stm32f1xx_it.o(.text)
    BusFault_Handler                         0x08000475   Thumb Code     2  stm32f1xx_it.o(.text)
    UsageFault_Handler                       0x08000477   Thumb Code     2  stm32f1xx_it.o(.text)
    SVC_Handler                              0x08000479   Thumb Code     2  stm32f1xx_it.o(.text)
    DebugMon_Handler                         0x0800047b   Thumb Code     2  stm32f1xx_it.o(.text)
    PendSV_Handler                           0x0800047d   Thumb Code     2  stm32f1xx_it.o(.text)
    SysTick_Handler                          0x0800047f   Thumb Code     4  stm32f1xx_it.o(.text)
    EXTI0_IRQHandler                         0x08000483   Thumb Code     6  stm32f1xx_it.o(.text)
    HAL_MspInit                              0x0800049d   Thumb Code    52  stm32f1xx_hal_msp.o(.text)
    EPD_1in54_V2_test                        0x080004d9   Thumb Code   330  epd_1in54_v2_test.o(.text)
    ScreenInit                               0x08000623   Thumb Code    24  epd_1in54_v2_test.o(.text)
    Debug_test                               0x0800063b   Thumb Code   136  epd_1in54_v2_test.o(.text)
    EPD_1IN54_V2_Init                        0x08000821   Thumb Code   190  epd_1in54_v2.o(.text)
    EPD_1IN54_V2_Init_Partial                0x080008df   Thumb Code   120  epd_1in54_v2.o(.text)
    EPD_1IN54_V2_Clear                       0x08000957   Thumb Code    80  epd_1in54_v2.o(.text)
    EPD_1IN54_V2_Display                     0x080009a7   Thumb Code    58  epd_1in54_v2.o(.text)
    EPD_1IN54_V2_DisplayPartBaseImage        0x080009e1   Thumb Code    94  epd_1in54_v2.o(.text)
    EPD_1IN54_V2_DisplayPart                 0x08000a3f   Thumb Code    58  epd_1in54_v2.o(.text)
    EPD_1IN54_V2_Sleep                       0x08000a79   Thumb Code    24  epd_1in54_v2.o(.text)
    DEV_SPI_WriteByte                        0x08000b61   Thumb Code    18  dev_config.o(.text)
    DEV_Module_Init                          0x08000b73   Thumb Code    38  dev_config.o(.text)
    DEV_Module_Exit                          0x08000b99   Thumb Code    38  dev_config.o(.text)
    Paint_NewImage                           0x08000bc9   Thumb Code    56  gui_paint.o(.text)
    Paint_SelectImage                        0x08000c01   Thumb Code     6  gui_paint.o(.text)
    Paint_SetRotate                          0x08000c07   Thumb Code    44  gui_paint.o(.text)
    Paint_SetScale                           0x08000c33   Thumb Code    80  gui_paint.o(.text)
    Paint_SetMirroring                       0x08000c83   Thumb Code    62  gui_paint.o(.text)
    Paint_SetPixel                           0x08000cc1   Thumb Code   238  gui_paint.o(.text)
    Paint_Clear                              0x08000daf   Thumb Code   104  gui_paint.o(.text)
    Paint_ClearWindows                       0x08000e17   Thumb Code    52  gui_paint.o(.text)
    Paint_DrawPoint                          0x08000e4b   Thumb Code   180  gui_paint.o(.text)
    Paint_DrawLine                           0x08000eff   Thumb Code   654  gui_paint.o(.text)
    Paint_DrawRectangle                      0x0800118d   Thumb Code   170  gui_paint.o(.text)
    Paint_DrawCircle                         0x08001237   Thumb Code   528  gui_paint.o(.text)
    Paint_DrawChar                           0x08001447   Thumb Code   172  gui_paint.o(.text)
    Paint_DrawChar1                          0x080014f3   Thumb Code   294  gui_paint.o(.text)
    Paint_DrawString_EN                      0x08001619   Thumb Code   116  gui_paint.o(.text)
    Paint_DrawString_CN                      0x0800168d   Thumb Code   396  gui_paint.o(.text)
    Paint_DrawNum                            0x08001819   Thumb Code   140  gui_paint.o(.text)
    Paint_DrawTime                           0x080018a5   Thumb Code   282  gui_paint.o(.text)
    Paint_DrawTime1                          0x080019bf   Thumb Code   280  gui_paint.o(.text)
    Paint_DrawTime2                          0x08001ad7   Thumb Code    96  gui_paint.o(.text)
    Paint_DrawTime3                          0x08001b37   Thumb Code   384  gui_paint.o(.text)
    Paint_DrawBitMap                         0x08001cb7   Thumb Code    46  gui_paint.o(.text)
    Paint_DrawBitMap_Paste                   0x08001ce5   Thumb Code   110  gui_paint.o(.text)
    Paint_DrawBitMap_Block                   0x08001d53   Thumb Code    54  gui_paint.o(.text)
    SystemInit                               0x08001d8d   Thumb Code    60  system_stm32f1xx.o(.text)
    SystemCoreClockUpdate                    0x08001dc9   Thumb Code   108  system_stm32f1xx.o(.text)
    HAL_SPI_Init                             0x08001e53   Thumb Code   180  stm32f1xx_hal_spi.o(.text)
    HAL_SPI_DeInit                           0x08001f09   Thumb Code    48  stm32f1xx_hal_spi.o(.text)
    HAL_SPI_Transmit                         0x0800202f   Thumb Code   412  stm32f1xx_hal_spi.o(.text)
    HAL_SPI_TransmitReceive                  0x0800223b   Thumb Code   510  stm32f1xx_hal_spi.o(.text)
    HAL_SPI_Receive                          0x08002439   Thumb Code   366  stm32f1xx_hal_spi.o(.text)
    HAL_SPI_TxCpltCallback                   0x080025a7   Thumb Code     2  stm32f1xx_hal_spi.o(.text)
    HAL_SPI_ErrorCallback                    0x080025a9   Thumb Code     2  stm32f1xx_hal_spi.o(.text)
    HAL_SPI_Transmit_IT                      0x08002669   Thumb Code   162  stm32f1xx_hal_spi.o(.text)
    HAL_SPI_RxCpltCallback                   0x0800270b   Thumb Code     2  stm32f1xx_hal_spi.o(.text)
    HAL_SPI_TxRxCpltCallback                 0x08002795   Thumb Code     2  stm32f1xx_hal_spi.o(.text)
    HAL_SPI_TransmitReceive_IT               0x080028ed   Thumb Code   188  stm32f1xx_hal_spi.o(.text)
    HAL_SPI_Receive_IT                       0x080029a9   Thumb Code   176  stm32f1xx_hal_spi.o(.text)
    HAL_SPI_TxHalfCpltCallback               0x08002ae1   Thumb Code     2  stm32f1xx_hal_spi.o(.text)
    HAL_SPI_Transmit_DMA                     0x08002aed   Thumb Code   208  stm32f1xx_hal_spi.o(.text)
    HAL_SPI_RxHalfCpltCallback               0x08002c2b   Thumb Code     2  stm32f1xx_hal_spi.o(.text)
    HAL_SPI_TxRxHalfCpltCallback             0x08002c93   Thumb Code     2  stm32f1xx_hal_spi.o(.text)
    HAL_SPI_TransmitReceive_DMA              0x08002c9f   Thumb Code   302  stm32f1xx_hal_spi.o(.text)
    HAL_SPI_Receive_DMA                      0x08002dcd   Thumb Code   278  stm32f1xx_hal_spi.o(.text)
    HAL_SPI_Abort                            0x08002f51   Thumb Code   290  stm32f1xx_hal_spi.o(.text)
    HAL_SPI_AbortCpltCallback                0x08003073   Thumb Code     2  stm32f1xx_hal_spi.o(.text)
    HAL_SPI_Abort_IT                         0x08003149   Thumb Code   328  stm32f1xx_hal_spi.o(.text)
    HAL_SPI_DMAPause                         0x08003291   Thumb Code    38  stm32f1xx_hal_spi.o(.text)
    HAL_SPI_DMAResume                        0x080032b7   Thumb Code    38  stm32f1xx_hal_spi.o(.text)
    HAL_SPI_DMAStop                          0x080032dd   Thumb Code    68  stm32f1xx_hal_spi.o(.text)
    HAL_SPI_IRQHandler                       0x08003331   Thumb Code   250  stm32f1xx_hal_spi.o(.text)
    HAL_SPI_GetState                         0x0800342b   Thumb Code     6  stm32f1xx_hal_spi.o(.text)
    HAL_SPI_GetError                         0x08003431   Thumb Code     4  stm32f1xx_hal_spi.o(.text)
    HAL_InitTick                             0x0800343b   Thumb Code    58  stm32f1xx_hal.o(.text)
    HAL_Init                                 0x08003475   Thumb Code    32  stm32f1xx_hal.o(.text)
    HAL_MspDeInit                            0x08003495   Thumb Code     2  stm32f1xx_hal.o(.text)
    HAL_DeInit                               0x08003497   Thumb Code    26  stm32f1xx_hal.o(.text)
    HAL_IncTick                              0x080034b1   Thumb Code    12  stm32f1xx_hal.o(.text)
    HAL_GetTick                              0x080034bd   Thumb Code     6  stm32f1xx_hal.o(.text)
    HAL_GetTickPrio                          0x080034c3   Thumb Code     6  stm32f1xx_hal.o(.text)
    HAL_SetTickFreq                          0x080034c9   Thumb Code    30  stm32f1xx_hal.o(.text)
    HAL_GetTickFreq                          0x080034e7   Thumb Code     6  stm32f1xx_hal.o(.text)
    HAL_Delay                                0x080034ed   Thumb Code    34  stm32f1xx_hal.o(.text)
    HAL_SuspendTick                          0x0800350f   Thumb Code    14  stm32f1xx_hal.o(.text)
    HAL_ResumeTick                           0x0800351d   Thumb Code    14  stm32f1xx_hal.o(.text)
    HAL_GetHalVersion                        0x0800352b   Thumb Code     4  stm32f1xx_hal.o(.text)
    HAL_GetREVID                             0x0800352f   Thumb Code     8  stm32f1xx_hal.o(.text)
    HAL_GetDEVID                             0x08003537   Thumb Code    10  stm32f1xx_hal.o(.text)
    HAL_GetUIDw0                             0x08003541   Thumb Code     6  stm32f1xx_hal.o(.text)
    HAL_GetUIDw1                             0x08003547   Thumb Code     6  stm32f1xx_hal.o(.text)
    HAL_GetUIDw2                             0x0800354d   Thumb Code     6  stm32f1xx_hal.o(.text)
    HAL_DBGMCU_EnableDBGSleepMode            0x08003553   Thumb Code    12  stm32f1xx_hal.o(.text)
    HAL_DBGMCU_DisableDBGSleepMode           0x0800355f   Thumb Code    12  stm32f1xx_hal.o(.text)
    HAL_DBGMCU_EnableDBGStopMode             0x0800356b   Thumb Code    12  stm32f1xx_hal.o(.text)
    HAL_DBGMCU_DisableDBGStopMode            0x08003577   Thumb Code    12  stm32f1xx_hal.o(.text)
    HAL_DBGMCU_EnableDBGStandbyMode          0x08003583   Thumb Code    12  stm32f1xx_hal.o(.text)
    HAL_DBGMCU_DisableDBGStandbyMode         0x0800358f   Thumb Code    12  stm32f1xx_hal.o(.text)
    HAL_RCC_DeInit                           0x080035c1   Thumb Code   250  stm32f1xx_hal_rcc.o(.text)
    HAL_RCC_OscConfig                        0x080036db   Thumb Code  1080  stm32f1xx_hal_rcc.o(.text)
    HAL_RCC_GetSysClockFreq                  0x08003b13   Thumb Code    88  stm32f1xx_hal_rcc.o(.text)
    HAL_RCC_ClockConfig                      0x08003b6b   Thumb Code   364  stm32f1xx_hal_rcc.o(.text)
    HAL_RCC_MCOConfig                        0x08003cd7   Thumb Code    64  stm32f1xx_hal_rcc.o(.text)
    HAL_RCC_EnableCSS                        0x08003d17   Thumb Code     8  stm32f1xx_hal_rcc.o(.text)
    HAL_RCC_DisableCSS                       0x08003d1f   Thumb Code     8  stm32f1xx_hal_rcc.o(.text)
    HAL_RCC_GetHCLKFreq                      0x08003d27   Thumb Code     6  stm32f1xx_hal_rcc.o(.text)
    HAL_RCC_GetPCLK1Freq                     0x08003d2d   Thumb Code    22  stm32f1xx_hal_rcc.o(.text)
    HAL_RCC_GetPCLK2Freq                     0x08003d43   Thumb Code    22  stm32f1xx_hal_rcc.o(.text)
    HAL_RCC_GetOscConfig                     0x08003d59   Thumb Code   168  stm32f1xx_hal_rcc.o(.text)
    HAL_RCC_GetClockConfig                   0x08003e01   Thumb Code    52  stm32f1xx_hal_rcc.o(.text)
    HAL_RCC_CSSCallback                      0x08003e35   Thumb Code     2  stm32f1xx_hal_rcc.o(.text)
    HAL_RCC_NMI_IRQHandler                   0x08003e37   Thumb Code    22  stm32f1xx_hal_rcc.o(.text)
    HAL_GPIO_Init                            0x08003e89   Thumb Code   524  stm32f1xx_hal_gpio.o(.text)
    HAL_GPIO_DeInit                          0x08004095   Thumb Code   320  stm32f1xx_hal_gpio.o(.text)
    HAL_GPIO_ReadPin                         0x080041d5   Thumb Code    14  stm32f1xx_hal_gpio.o(.text)
    HAL_GPIO_WritePin                        0x080041e3   Thumb Code    14  stm32f1xx_hal_gpio.o(.text)
    HAL_GPIO_TogglePin                       0x080041f1   Thumb Code    16  stm32f1xx_hal_gpio.o(.text)
    HAL_GPIO_LockPin                         0x08004201   Thumb Code    42  stm32f1xx_hal_gpio.o(.text)
    HAL_GPIO_EXTI_IRQHandler                 0x0800422d   Thumb Code    18  stm32f1xx_hal_gpio.o(.text)
    HAL_DMA_Init                             0x0800425d   Thumb Code   144  stm32f1xx_hal_dma.o(.text)
    HAL_DMA_DeInit                           0x080042ed   Thumb Code   126  stm32f1xx_hal_dma.o(.text)
    HAL_DMA_Start                            0x080043a3   Thumb Code    88  stm32f1xx_hal_dma.o(.text)
    HAL_DMA_Start_IT                         0x080043fb   Thumb Code   124  stm32f1xx_hal_dma.o(.text)
    HAL_DMA_Abort                            0x08004477   Thumb Code    72  stm32f1xx_hal_dma.o(.text)
    HAL_DMA_Abort_IT                         0x080044bf   Thumb Code   318  stm32f1xx_hal_dma.o(.text)
    HAL_DMA_PollForTransfer                  0x080045fd   Thumb Code  1316  stm32f1xx_hal_dma.o(.text)
    HAL_DMA_IRQHandler                       0x08004b21   Thumb Code   672  stm32f1xx_hal_dma.o(.text)
    HAL_DMA_RegisterCallback                 0x08004dc1   Thumb Code    80  stm32f1xx_hal_dma.o(.text)
    HAL_DMA_UnRegisterCallback               0x08004e11   Thumb Code    86  stm32f1xx_hal_dma.o(.text)
    HAL_DMA_GetState                         0x08004e67   Thumb Code     6  stm32f1xx_hal_dma.o(.text)
    HAL_DMA_GetError                         0x08004e6d   Thumb Code     4  stm32f1xx_hal_dma.o(.text)
    HAL_NVIC_SetPriorityGrouping             0x08004ea5   Thumb Code    30  stm32f1xx_hal_cortex.o(.text)
    HAL_NVIC_SetPriority                     0x08004ec3   Thumb Code    98  stm32f1xx_hal_cortex.o(.text)
    HAL_NVIC_EnableIRQ                       0x08004f25   Thumb Code    28  stm32f1xx_hal_cortex.o(.text)
    HAL_NVIC_DisableIRQ                      0x08004f41   Thumb Code    36  stm32f1xx_hal_cortex.o(.text)
    HAL_NVIC_SystemReset                     0x08004f65   Thumb Code    26  stm32f1xx_hal_cortex.o(.text)
    HAL_SYSTICK_Config                       0x08004f7f   Thumb Code    36  stm32f1xx_hal_cortex.o(.text)
    HAL_NVIC_GetPriorityGrouping             0x08004fa3   Thumb Code    10  stm32f1xx_hal_cortex.o(.text)
    HAL_NVIC_GetPriority                     0x08004fad   Thumb Code    94  stm32f1xx_hal_cortex.o(.text)
    HAL_NVIC_SetPendingIRQ                   0x0800500b   Thumb Code    28  stm32f1xx_hal_cortex.o(.text)
    HAL_NVIC_GetPendingIRQ                   0x08005027   Thumb Code    42  stm32f1xx_hal_cortex.o(.text)
    HAL_NVIC_ClearPendingIRQ                 0x08005051   Thumb Code    28  stm32f1xx_hal_cortex.o(.text)
    HAL_NVIC_GetActive                       0x0800506d   Thumb Code    42  stm32f1xx_hal_cortex.o(.text)
    HAL_SYSTICK_CLKSourceConfig              0x08005097   Thumb Code    28  stm32f1xx_hal_cortex.o(.text)
    HAL_SYSTICK_Callback                     0x080050b3   Thumb Code     2  stm32f1xx_hal_cortex.o(.text)
    HAL_SYSTICK_IRQHandler                   0x080050b5   Thumb Code     8  stm32f1xx_hal_cortex.o(.text)
    HAL_UART_Init                            0x0800518d   Thumb Code   100  stm32f1xx_hal_uart.o(.text)
    HAL_HalfDuplex_Init                      0x080051f1   Thumb Code   110  stm32f1xx_hal_uart.o(.text)
    HAL_LIN_Init                             0x0800525f   Thumb Code   130  stm32f1xx_hal_uart.o(.text)
    HAL_MultiProcessor_Init                  0x080052e1   Thumb Code   146  stm32f1xx_hal_uart.o(.text)
    HAL_UART_DeInit                          0x08005375   Thumb Code    52  stm32f1xx_hal_uart.o(.text)
    HAL_UART_Transmit                        0x08005421   Thumb Code   202  stm32f1xx_hal_uart.o(.text)
    HAL_UART_Receive                         0x080054eb   Thumb Code   212  stm32f1xx_hal_uart.o(.text)
    HAL_UART_Transmit_IT                     0x080055bf   Thumb Code    66  stm32f1xx_hal_uart.o(.text)
    HAL_UART_Receive_IT                      0x08005601   Thumb Code    86  stm32f1xx_hal_uart.o(.text)
    HAL_UART_ErrorCallback                   0x08005657   Thumb Code     2  stm32f1xx_hal_uart.o(.text)
    HAL_UART_TxHalfCpltCallback              0x080056d1   Thumb Code     2  stm32f1xx_hal_uart.o(.text)
    HAL_UART_TxCpltCallback                  0x080056dd   Thumb Code     2  stm32f1xx_hal_uart.o(.text)
    HAL_UART_Transmit_DMA                    0x0800570f   Thumb Code   138  stm32f1xx_hal_uart.o(.text)
    HAL_UART_RxHalfCpltCallback              0x08005799   Thumb Code     2  stm32f1xx_hal_uart.o(.text)
    HAL_UART_RxCpltCallback                  0x080057a5   Thumb Code     2  stm32f1xx_hal_uart.o(.text)
    HAL_UART_Receive_DMA                     0x080057e5   Thumb Code   150  stm32f1xx_hal_uart.o(.text)
    HAL_UART_DMAPause                        0x0800587b   Thumb Code   102  stm32f1xx_hal_uart.o(.text)
    HAL_UART_DMAResume                       0x080058e1   Thumb Code    98  stm32f1xx_hal_uart.o(.text)
    HAL_UART_DMAStop                         0x08005943   Thumb Code    88  stm32f1xx_hal_uart.o(.text)
    HAL_UART_Abort                           0x0800599b   Thumb Code   148  stm32f1xx_hal_uart.o(.text)
    HAL_UART_AbortTransmit                   0x08005a2f   Thumb Code    80  stm32f1xx_hal_uart.o(.text)
    HAL_UART_AbortReceive                    0x08005a7f   Thumb Code    90  stm32f1xx_hal_uart.o(.text)
    HAL_UART_AbortCpltCallback               0x08005ad9   Thumb Code     2  stm32f1xx_hal_uart.o(.text)
    HAL_UART_Abort_IT                        0x08005b49   Thumb Code   178  stm32f1xx_hal_uart.o(.text)
    HAL_UART_AbortTransmitCpltCallback       0x08005bfb   Thumb Code     2  stm32f1xx_hal_uart.o(.text)
    HAL_UART_AbortTransmit_IT                0x08005c11   Thumb Code    94  stm32f1xx_hal_uart.o(.text)
    HAL_UART_AbortReceiveCpltCallback        0x08005c6f   Thumb Code     2  stm32f1xx_hal_uart.o(.text)
    HAL_UART_AbortReceive_IT                 0x08005c85   Thumb Code   104  stm32f1xx_hal_uart.o(.text)
    HAL_UART_IRQHandler                      0x08005e07   Thumb Code   312  stm32f1xx_hal_uart.o(.text)
    HAL_LIN_SendBreak                        0x08005f3f   Thumb Code    70  stm32f1xx_hal_uart.o(.text)
    HAL_MultiProcessor_EnterMuteMode         0x08005f85   Thumb Code    50  stm32f1xx_hal_uart.o(.text)
    HAL_MultiProcessor_ExitMuteMode          0x08005fb7   Thumb Code    50  stm32f1xx_hal_uart.o(.text)
    HAL_HalfDuplex_EnableTransmitter         0x08005fe9   Thumb Code    54  stm32f1xx_hal_uart.o(.text)
    HAL_HalfDuplex_EnableReceiver            0x0800601f   Thumb Code    54  stm32f1xx_hal_uart.o(.text)
    HAL_UART_GetState                        0x08006055   Thumb Code    12  stm32f1xx_hal_uart.o(.text)
    HAL_UART_GetError                        0x08006061   Thumb Code     4  stm32f1xx_hal_uart.o(.text)
    __aeabi_memset                           0x08006065   Thumb Code    14  memseta.o(.text)
    __aeabi_memset4                          0x08006065   Thumb Code     0  memseta.o(.text)
    __aeabi_memset8                          0x08006065   Thumb Code     0  memseta.o(.text)
    __aeabi_memclr                           0x08006073   Thumb Code     4  memseta.o(.text)
    __aeabi_memclr4                          0x08006073   Thumb Code     0  memseta.o(.text)
    __aeabi_memclr8                          0x08006073   Thumb Code     0  memseta.o(.text)
    _memset$wrapper                          0x08006077   Thumb Code    18  memseta.o(.text)
    __aeabi_uidiv                            0x08006089   Thumb Code     0  uidiv.o(.text)
    __aeabi_uidivmod                         0x08006089   Thumb Code    44  uidiv.o(.text)
    __scatterload                            0x080060b5   Thumb Code    28  init.o(.text)
    __scatterload_rt2                        0x080060b5   Thumb Code     0  init.o(.text)
    __decompress                             0x080060d9   Thumb Code     0  __dczerorl2.o(.text)
    __decompress1                            0x080060d9   Thumb Code    86  __dczerorl2.o(.text)
    __0printf$3                              0x08006131   Thumb Code    22  printf3.o(i.__0printf$3)
    __1printf$3                              0x08006131   Thumb Code     0  printf3.o(i.__0printf$3)
    __2printf                                0x08006131   Thumb Code     0  printf3.o(i.__0printf$3)
    __scatterload_copy                       0x08006151   Thumb Code    14  handlers.o(i.__scatterload_copy)
    __scatterload_null                       0x0800615f   Thumb Code     2  handlers.o(i.__scatterload_null)
    __scatterload_zeroinit                   0x08006161   Thumb Code    14  handlers.o(i.__scatterload_zeroinit)
    malloc                                   0x08006329   Thumb Code    92  malloc.o(i.malloc)
    Font24_Table                             0x08006394   Data        6840  font24.o(.constdata)
    Fontt_Table                              0x08007e4c   Data        6912  tfont.o(.constdata)
    AHBPrescTable                            0x0800994c   Data          16  system_stm32f1xx.o(.constdata)
    APBPrescTable                            0x0800995c   Data           8  system_stm32f1xx.o(.constdata)
    Region$$Table$$Base                      0x08009a50   Number         0  anon$$obj.o(Region$$Table)
    Region$$Table$$Limit                     0x08009a70   Number         0  anon$$obj.o(Region$$Table)
    jieguo                                   0x20000000   Data           1  main.o(.data)
    WF_Full_1IN54                            0x20000001   Data         159  epd_1in54_v2.o(.data)
    WF_PARTIAL_1IN54_0                       0x200000a0   Data         159  epd_1in54_v2.o(.data)
    Font24                                   0x20000140   Data           8  font24.o(.data)
    Fontt                                    0x20000148   Data           8  tfont.o(.data)
    SystemCoreClock                          0x20000150   Data           4  system_stm32f1xx.o(.data)
    uwTickFreq                               0x20000154   Data           1  stm32f1xx_hal.o(.data)
    uwTickPrio                               0x20000158   Data           4  stm32f1xx_hal.o(.data)
    uwTick                                   0x2000015c   Data           4  stm32f1xx_hal.o(.data)
    __stdout                                 0x20000160   Data           4  stdout.o(.data)
    __microlib_freelist                      0x20000164   Data           4  mvars.o(.data)
    __microlib_freelist_initialised          0x20000168   Data           4  mvars.o(.data)
    hspi1                                    0x2000016c   Data          88  spi.o(.bss)
    huart1                                   0x200001c4   Data          64  usart.o(.bss)
    Paint                                    0x20000204   Data          24  gui_paint.o(.bss)
    __heap_base                              0x20000220   Data           0  startup_stm32f103xe.o(HEAP)
    __heap_limit                             0x20009220   Data           0  startup_stm32f103xe.o(HEAP)
    __initial_sp                             0x2000a220   Data           0  startup_stm32f103xe.o(STACK)



==============================================================================

Memory Map of the image

  Image Entry point : 0x08000131

  Load Region LR_IROM1 (Base: 0x08000000, Size: 0x00009bdc, Max: 0x00080000, ABSOLUTE, COMPRESSED[0x00009ac8])

    Execution Region ER_IROM1 (Exec base: 0x08000000, Load base: 0x08000000, Size: 0x00009a70, Max: 0x00080000, ABSOLUTE)

    Exec Addr    Load Addr    Size         Type   Attr      Idx    E Section Name        Object

    0x08000000   0x08000000   0x00000130   Data   RO            3    RESET               startup_stm32f103xe.o
    0x08000130   0x08000130   0x00000000   Code   RO         1067  * .ARM.Collect$$$$00000000  mc_w.l(entry.o)
    0x08000130   0x08000130   0x00000004   Code   RO         1363    .ARM.Collect$$$$00000001  mc_w.l(entry2.o)
    0x08000134   0x08000134   0x00000004   Code   RO         1366    .ARM.Collect$$$$00000004  mc_w.l(entry5.o)
    0x08000138   0x08000138   0x00000000   Code   RO         1368    .ARM.Collect$$$$00000008  mc_w.l(entry7b.o)
    0x08000138   0x08000138   0x00000000   Code   RO         1370    .ARM.Collect$$$$0000000A  mc_w.l(entry8b.o)
    0x08000138   0x08000138   0x00000008   Code   RO         1371    .ARM.Collect$$$$0000000B  mc_w.l(entry9a.o)
    0x08000140   0x08000140   0x00000004   Code   RO         1378    .ARM.Collect$$$$0000000E  mc_w.l(entry12b.o)
    0x08000144   0x08000144   0x00000000   Code   RO         1373    .ARM.Collect$$$$0000000F  mc_w.l(entry10a.o)
    0x08000144   0x08000144   0x00000000   Code   RO         1375    .ARM.Collect$$$$00000011  mc_w.l(entry11a.o)
    0x08000144   0x08000144   0x00000004   Code   RO         1364    .ARM.Collect$$$$00002712  mc_w.l(entry2.o)
    0x08000148   0x08000148   0x00000024   Code   RO            4    .text               startup_stm32f103xe.o
    0x0800016c   0x0800016c   0x00000108   Code   RO           13    .text               main.o
    0x08000274   0x08000274   0x00000060   Code   RO          165    .text               gpio.o
    0x080002d4   0x080002d4   0x000000bc   Code   RO          270    .text               spi.o
    0x08000390   0x08000390   0x000000d8   Code   RO          300    .text               usart.o
    0x08000468   0x08000468   0x00000034   Code   RO          330    .text               stm32f1xx_it.o
    0x0800049c   0x0800049c   0x0000003c   Code   RO          357    .text               stm32f1xx_hal_msp.o
    0x080004d8   0x080004d8   0x00000288   Code   RO          436    .text               epd_1in54_v2_test.o
    0x08000760   0x08000760   0x00000400   Code   RO          463    .text               epd_1in54_v2.o
    0x08000b60   0x08000b60   0x00000068   Code   RO          490    .text               dev_config.o
    0x08000bc8   0x08000bc8   0x000011c4   Code   RO          518    .text               gui_paint.o
    0x08001d8c   0x08001d8c   0x000000c4   Code   RO          676    .text               system_stm32f1xx.o
    0x08001e50   0x08001e50   0x000015e8   Code   RO          732    .text               stm32f1xx_hal_spi.o
    0x08003438   0x08003438   0x00000188   Code   RO          756    .text               stm32f1xx_hal.o
    0x080035c0   0x080035c0   0x000008c8   Code   RO          786    .text               stm32f1xx_hal_rcc.o
    0x08003e88   0x08003e88   0x000003d4   Code   RO          834    .text               stm32f1xx_hal_gpio.o
    0x0800425c   0x0800425c   0x00000c48   Code   RO          858    .text               stm32f1xx_hal_dma.o
    0x08004ea4   0x08004ea4   0x00000224   Code   RO          882    .text               stm32f1xx_hal_cortex.o
    0x080050c8   0x080050c8   0x00000f9c   Code   RO         1046    .text               stm32f1xx_hal_uart.o
    0x08006064   0x08006064   0x00000024   Code   RO         1072    .text               mc_w.l(memseta.o)
    0x08006088   0x08006088   0x0000002c   Code   RO         1380    .text               mc_w.l(uidiv.o)
    0x080060b4   0x080060b4   0x00000024   Code   RO         1401    .text               mc_w.l(init.o)
    0x080060d8   0x080060d8   0x00000056   Code   RO         1417    .text               mc_w.l(__dczerorl2.o)
    0x0800612e   0x0800612e   0x00000002   PAD
    0x08006130   0x08006130   0x00000020   Code   RO         1163    i.__0printf$3       mc_w.l(printf3.o)
    0x08006150   0x08006150   0x0000000e   Code   RO         1411    i.__scatterload_copy  mc_w.l(handlers.o)
    0x0800615e   0x0800615e   0x00000002   Code   RO         1412    i.__scatterload_null  mc_w.l(handlers.o)
    0x08006160   0x08006160   0x0000000e   Code   RO         1413    i.__scatterload_zeroinit  mc_w.l(handlers.o)
    0x0800616e   0x0800616e   0x00000002   PAD
    0x08006170   0x08006170   0x000001b8   Code   RO         1170    i._printf_core      mc_w.l(printf3.o)
    0x08006328   0x08006328   0x0000006c   Code   RO         1336    i.malloc            mc_w.l(malloc.o)
    0x08006394   0x08006394   0x00001ab8   Data   RO          631    .constdata          font24.o
    0x08007e4c   0x08007e4c   0x00001b00   Data   RO          659    .constdata          tfont.o
    0x0800994c   0x0800994c   0x00000010   Data   RO          677    .constdata          system_stm32f1xx.o
    0x0800995c   0x0800995c   0x00000008   Data   RO          678    .constdata          system_stm32f1xx.o
    0x08009964   0x08009964   0x000000e9   Data   RO          520    .conststring        gui_paint.o
    0x08009a4d   0x08009a4d   0x00000003   PAD
    0x08009a50   0x08009a50   0x00000020   Data   RO         1409    Region$$Table       anon$$obj.o


    Execution Region RW_IRAM1 (Exec base: 0x20000000, Load base: 0x08009a70, Size: 0x0000a220, Max: 0x00010000, ABSOLUTE, COMPRESSED[0x00000058])

    Exec Addr    Load Addr    Size         Type   Attr      Idx    E Section Name        Object

    0x20000000   COMPRESSED   0x00000001   Data   RW           14    .data               main.o
    0x20000001   COMPRESSED   0x0000013e   Data   RW          464    .data               epd_1in54_v2.o
    0x2000013f   COMPRESSED   0x00000001   PAD
    0x20000140   COMPRESSED   0x00000008   Data   RW          632    .data               font24.o
    0x20000148   COMPRESSED   0x00000008   Data   RW          660    .data               tfont.o
    0x20000150   COMPRESSED   0x00000004   Data   RW          679    .data               system_stm32f1xx.o
    0x20000154   COMPRESSED   0x0000000c   Data   RW          757    .data               stm32f1xx_hal.o
    0x20000160   COMPRESSED   0x00000004   Data   RW         1379    .data               mc_w.l(stdout.o)
    0x20000164   COMPRESSED   0x00000004   Data   RW         1388    .data               mc_w.l(mvars.o)
    0x20000168   COMPRESSED   0x00000004   Data   RW         1389    .data               mc_w.l(mvars.o)
    0x2000016c        -       0x00000058   Zero   RW          271    .bss                spi.o
    0x200001c4        -       0x00000040   Zero   RW          301    .bss                usart.o
    0x20000204        -       0x00000018   Zero   RW          519    .bss                gui_paint.o
    0x2000021c   COMPRESSED   0x00000004   PAD
    0x20000220        -       0x00009000   Zero   RW            2    HEAP                startup_stm32f103xe.o
    0x20009220        -       0x00001000   Zero   RW            1    STACK               startup_stm32f103xe.o


==============================================================================

Image component sizes


      Code (inc. data)   RO Data    RW Data    ZI Data      Debug   Object Name

       104         10          0          0          0        792   dev_config.o
      1024         64          0        318          0       4871   epd_1in54_v2.o
       648        158          0          0          0       1666   epd_1in54_v2_test.o
         0          0       6840          8          0       1399   font24.o
        96         10          0          0          0     455007   gpio.o
      4548        664        233          0         24      17060   gui_paint.o
       264         40          0          1          0      51670   main.o
       188         18          0          0         88       1465   spi.o
        36          8        304          0      40960        808   startup_stm32f103xe.o
       392         38          0         12          0       7697   stm32f1xx_hal.o
       548         12          0          0          0      30698   stm32f1xx_hal_cortex.o
      3144        164          0          0          0       7133   stm32f1xx_hal_dma.o
       980         30          0          0          0       4415   stm32f1xx_hal_gpio.o
        60          8          0          0          0        850   stm32f1xx_hal_msp.o
      2248         88          0          0          0       6583   stm32f1xx_hal_rcc.o
      5608        106          0          0          0      19649   stm32f1xx_hal_spi.o
      3996         46          0          0          0      17456   stm32f1xx_hal_uart.o
        52         20          0          0          0       1343   stm32f1xx_it.o
       196         28         24          4          0       1545   system_stm32f1xx.o
         0          0       6912          8          0       1318   tfont.o
       216         18          0          0         64       1773   usart.o

    ----------------------------------------------------------------------
     24348       1530      14348        352      41140     635198   Object Totals
         0          0         32          0          0          0   (incl. Generated)
         0          0          3          1          4          0   (incl. Padding)

    ----------------------------------------------------------------------

      Code (inc. data)   RO Data    RW Data    ZI Data      Debug   Library Member Name

        86          0          0          0          0          0   __dczerorl2.o
         0          0          0          0          0          0   entry.o
         0          0          0          0          0          0   entry10a.o
         0          0          0          0          0          0   entry11a.o
         4          0          0          0          0          0   entry12b.o
         8          4          0          0          0          0   entry2.o
         4          0          0          0          0          0   entry5.o
         0          0          0          0          0          0   entry7b.o
         0          0          0          0          0          0   entry8b.o
         8          4          0          0          0          0   entry9a.o
        30          0          0          0          0          0   handlers.o
        36          8          0          0          0         68   init.o
       108         16          0          0          0         84   malloc.o
        36          0          0          0          0        108   memseta.o
         0          0          0          8          0          0   mvars.o
       472         14          0          0          0        184   printf3.o
         0          0          0          4          0          0   stdout.o
        44          0          0          0          0         80   uidiv.o

    ----------------------------------------------------------------------
       840         46          0         12          0        524   Library Totals
         4          0          0          0          0          0   (incl. Padding)

    ----------------------------------------------------------------------

      Code (inc. data)   RO Data    RW Data    ZI Data      Debug   Library Name

       836         46          0         12          0        524   mc_w.l

    ----------------------------------------------------------------------
       840         46          0         12          0        524   Library Totals

    ----------------------------------------------------------------------

==============================================================================


      Code (inc. data)   RO Data    RW Data    ZI Data      Debug   

     25188       1576      14348        364      41140     634134   Grand Totals
     25188       1576      14348         88      41140     634134   ELF Image Totals (compressed)
     25188       1576      14348         88          0          0   ROM Totals

==============================================================================

    Total RO  Size (Code + RO Data)                39536 (  38.61kB)
    Total RW  Size (RW Data + ZI Data)             41504 (  40.53kB)
    Total ROM Size (Code + RO Data + RW Data)      39624 (  38.70kB)

==============================================================================

