<html>
<body>
<pre>
<h1>µVision Build Log</h1>
<h2>Tool Versions:</h2>
IDE-Version: ¦ÌVision V5.36.0.0
Copyright (C) 2021 ARM Ltd and ARM Germany GmbH. All rights reserved.
License Information: t kf, none, LIC=76F5U-SDU8U-8TU3P-MWJXI-87HG4-F3RS6
 
Tool Versions:
Toolchain:       MDK-ARM Plus  Version: 5.36.0.0
Toolchain Path:  G:\KEIL5\ARM\ARMCC\Bin
C Compiler:      Armcc.exe V5.06 update 7 (build 960)
Assembler:       Armasm.exe V5.06 update 7 (build 960)
Linker/Locator:  ArmLink.exe V5.06 update 7 (build 960)
Library Manager: ArmAr.exe V5.06 update 7 (build 960)
Hex Converter:   FromElf.exe V5.06 update 7 (build 960)
CPU DLL:         SARMCM3.DLL V5.36.0.0
Dialog DLL:      DCM.DLL V1.17.3.0
Target DLL:      STLink\ST-LINKIII-KEIL_SWO.dll V3.0.9.0
Dialog DLL:      TCM.DLL V1.53.0.0
 
<h2>Project:</h2>
I:\MCULearning\twatch\twatch\version5\MDK-ARM\epd-demo.uvprojx
Project File Date:  04/16/2022

<h2>Output:</h2>
*** Using Compiler 'V5.06 update 7 (build 960)', folder: 'G:\KEIL5\ARM\ARMCC\Bin'
Build target 'epd-demo'
compiling EPD_1in54_V2_test.c...
..\User\Examples\EPD_Test.h(40): warning:  #1295-D: Deprecated declaration ScreenInit - give arg types
  int ScreenInit();//2022
..\User\Examples\EPD_Test.h(42): warning:  #1295-D: Deprecated declaration function_select_interface - give arg types
  int function_select_interface();	//
..\User\Examples\EPD_Test.h(43): warning:  #1295-D: Deprecated declaration white_washed - give arg types
  int white_washed();	//
..\User\Examples\EPD_1in54_V2_test.c(122): warning:  #111-D: statement is unreachable
  	return 0;
..\User\Examples\EPD_1in54_V2_test.c(131): warning:  #940-D: missing return statement at end of non-void function "ScreenInit" 
  }
..\User\Examples\EPD_1in54_V2_test.c(221): warning:  #940-D: missing return statement at end of non-void function "function_select_interface" 
  }
..\User\Examples\EPD_1in54_V2_test.c: 6 warnings, 0 errors
linking...
Program Size: Code=25932 RO-data=55488 RW-data=376 ZI-data=41136  
FromELF: creating hex file...
"epd-demo\epd-demo.axf" - 0 Error(s), 6 Warning(s).

<h2>Software Packages used:</h2>

Package Vendor: ARM
                http://www.keil.com/pack/ARM.CMSIS.5.8.0.pack
                ARM.CMSIS.5.8.0
                CMSIS (Common Microcontroller Software Interface Standard)
   * Component: CORE Version: 5.5.0

Package Vendor: Keil
                http://www.keil.com/pack/Keil.STM32F1xx_DFP.2.4.0.pack
                Keil.STM32F1xx_DFP.2.4.0
                STMicroelectronics STM32F1 Series Device Support, Drivers and Examples

<h2>Collection of Component include folders:</h2>
  .\RTE\_epd-demo
  G:\KEIL5\pack\ARM\CMSIS\5.8.0\CMSIS\Core\Include
  G:\KEIL5\pack\Keil\STM32F1xx_DFP\2.4.0\Device\Include

<h2>Collection of Component Files used:</h2>

   * Component: ARM::CMSIS:CORE:5.5.0
Build Time Elapsed:  00:00:01
</pre>
</body>
</html>
